../Core/Src/stm32f4xx_hal_msp.c:68:6:HAL_MspInit	8	static
../Core/Src/stm32f4xx_hal_msp.c:92:6:HAL_CRC_MspInit	8	static
../Core/Src/stm32f4xx_hal_msp.c:114:6:HAL_CRC_MspDeInit	0	static
../Core/Src/stm32f4xx_hal_msp.c:136:6:HAL_I2C_MspInit	48	static
../Core/Src/stm32f4xx_hal_msp.c:172:6:HAL_I2C_MspDeInit	8	static
../Core/Src/stm32f4xx_hal_msp.c:203:6:HAL_I2S_MspInit	72	static
../Core/Src/stm32f4xx_hal_msp.c:283:6:HAL_I2S_MspDeInit	8	static
../Core/Src/stm32f4xx_hal_msp.c:318:6:HAL_SPI_MspInit	56	static
../Core/Src/stm32f4xx_hal_msp.c:385:6:HAL_SPI_MspDeInit	8	static
../Core/Src/stm32f4xx_hal_msp.c:422:6:HAL_TIM_PWM_MspInit	8	static
../Core/Src/stm32f4xx_hal_msp.c:438:6:HAL_TIM_MspPostInit	32	static
../Core/Src/stm32f4xx_hal_msp.c:470:6:HAL_TIM_PWM_MspDeInit	0	static
../Core/Src/stm32f4xx_hal_msp.c:492:6:HAL_UART_MspInit	40	static
../Core/Src/stm32f4xx_hal_msp.c:528:6:HAL_UART_MspDeInit	0	static
