../Core/Src/main.c:122:5:main	16	static
../Core/Src/main.c:221:6:SystemClock_Config	88	static
../Core/Src/main.c:267:13:MX_CRC_Init	8	static
../Core/Src/main.c:293:13:MX_I2C1_Init	8	static
../Core/Src/main.c:327:13:MX_I2S3_Init	8	static
../Core/Src/main.c:361:13:MX_SPI2_Init	8	static
../Core/Src/main.c:399:13:MX_TIM3_Init	48	static
../Core/Src/main.c:448:13:MX_USART2_UART_Init	8	static
../Core/Src/main.c:479:13:MX_DMA_Init	16	static
../Core/Src/main.c:500:13:MX_GPIO_Init	56	static
../Core/Src/main.c:620:6:readEncoder	72	static
../Core/Src/main.c:813:6:Button_Control	4	static
../Core/Src/main.c:837:6:Error_Handler	4	static
