../Core/Src/main.c:106:5:main	16	static
../Core/Src/main.c:194:6:SystemClock_Config	88	static
../Core/Src/main.c:240:13:MX_CRC_Init	8	static
../Core/Src/main.c:266:13:MX_I2C1_Init	8	static
../Core/Src/main.c:300:13:MX_I2S3_Init	8	static
../Core/Src/main.c:334:13:MX_SPI2_Init	8	static
../Core/Src/main.c:372:13:MX_TIM3_Init	48	static
../Core/Src/main.c:421:13:MX_USART2_UART_Init	8	static
../Core/Src/main.c:452:13:MX_DMA_Init	16	static
../Core/Src/main.c:473:13:MX_GPIO_Init	56	static
../Core/Src/main.c:593:6:readEncoder	24	static
../Core/Src/main.c:645:6:Button_Control	4	static
../Core/Src/main.c:654:6:Error_Handler	4	static
