../Core/Src/synth.c:31:6:synth_init	16	static
../Core/Src/synth.c:69:6:set_wave	24	static
../Core/Src/synth.c:77:6:set_voices	16	static
../Core/Src/synth.c:82:6:set_attack	24	static
../Core/Src/synth.c:90:6:set_decay	24	static
../Core/Src/synth.c:98:6:set_sustain	24	static
../Core/Src/synth.c:106:6:set_release	24	static
../Core/Src/synth.c:114:6:set_scale	24	static
../Core/Src/synth.c:149:6:audio_init	8	static
../Core/Src/synth.c:163:6:synth_all_notes_off	16	static
../Core/Src/synth.c:171:6:note_on	24	static
../Core/Src/synth.c:194:6:note_off	24	static
../Core/Src/synth.c:222:6:update_audio_buffer	56	static
../Core/Src/synth.c:264:6:BSP_AUDIO_OUT_HalfTransfer_CallBack	8	static
../Core/Src/synth.c:273:6:BSP_AUDIO_OUT_TransferComplete_CallBack	8	static
../Core/Src/synth.c:280:6:BSP_AUDIO_OUT_Error_CallBack	8	static
