../Core/Src/z_displ_ILI9XXX.c:42:6:Displ_Select	8	static
../Core/Src/z_displ_ILI9XXX.c:63:6:Displ_Transmit	32	static
../Core/Src/z_displ_ILI9XXX.c:127:6:Displ_WriteCommand	16	static
../Core/Src/z_displ_ILI9XXX.c:140:6:Displ_WriteData	24	static
../Core/Src/z_displ_ILI9XXX.c:152:6:ILI9XXX_Init	8	static
../Core/Src/z_displ_ILI9XXX.c:243:6:Displ_SetAddressWindow	24	static
../Core/Src/z_displ_ILI9XXX.c:263:6:Displ_Init	16	static
../Core/Src/z_displ_ILI9XXX.c:287:6:Displ_Orientation	16	static
../Core/Src/z_displ_ILI9XXX.c:319:6:HAL_SPI_ErrorCallback	16	static
../Core/Src/z_displ_ILI9XXX.c:330:6:HAL_SPI_TxCpltCallback	16	static
../Core/Src/z_displ_ILI9XXX.c:350:6:Displ_FillArea	56	static
../Core/Src/z_displ_ILI9XXX.c:440:6:ILI9488_DrawImage	24	static
../Core/Src/z_displ_ILI9XXX.c:453:6:Displ_Pixel	24	static
../Core/Src/z_displ_ILI9XXX.c:463:6:Displ_drawCircle	40	static
../Core/Src/z_displ_ILI9XXX.c:505:6:Displ_CLS	24	static
../Core/Src/z_displ_ILI9XXX.c:524:6:drawCircleHelper	40	static
../Core/Src/z_displ_ILI9XXX.c:568:6:fillCircleHelper	48	static
../Core/Src/z_displ_ILI9XXX.c:602:6:Displ_fillCircle	32	static
../Core/Src/z_displ_ILI9XXX.c:615:6:Displ_Line	56	static
../Core/Src/z_displ_ILI9XXX.c:699:6:Displ_Border	32	static
../Core/Src/z_displ_ILI9XXX.c:710:6:Displ_drawTriangle	32	static
../Core/Src/z_displ_ILI9XXX.c:723:6:Displ_fillTriangle	80	static
../Core/Src/z_displ_ILI9XXX.c:817:6:Displ_WChar	64	static
../Core/Src/z_displ_ILI9XXX.c:940:6:Displ_drawRoundRect	40	static
../Core/Src/z_displ_ILI9XXX.c:958:6:Displ_fillRoundRect	40	static
../Core/Src/z_displ_ILI9XXX.c:982:6:Displ_WString	64	static
../Core/Src/z_displ_ILI9XXX.c:1023:6:Displ_CString	56	static
../Core/Src/z_displ_ILI9XXX.c:1078:11:Displ_BackLight	16	static,ignoring_inline_asm
../Core/Src/z_displ_ILI9XXX.c:1147:5:touchgfxDisplayDriverTransmitActive	4	static
../Core/Src/z_displ_ILI9XXX.c:1161:6:touchgfxDisplayDriverTransmitBlock	32	static
