../Core/Src/z_touch_XPT2046.c:18:6:Touch_HandlePenDownInterrupt	4	static
../Core/Src/z_touch_XPT2046.c:26:6:HAL_GPIO_EXTI_Callback	16	static
../Core/Src/z_touch_XPT2046.c:34:6:HAL_GPIO_EXTI_Falling_Callback	16	static
../Core/Src/z_touch_XPT2046.c:38:6:HAL_GPIO_EXTI_Rising_Callback	16	static
../Core/Src/z_touch_XPT2046.c:49:6:Touch_Select	8	static
../Core/Src/z_touch_XPT2046.c:65:6:Touch_UnSelect	8	static
../Core/Src/z_touch_XPT2046.c:82:10:Touch_PollAxis	24	static
../Core/Src/z_touch_XPT2046.c:125:9:Touch_PollTouch	24	static
../Core/Src/z_touch_XPT2046.c:150:6:Touch_GetXYtouch	48	static
../Core/Src/z_touch_XPT2046.c:232:9:Touch_WaitForTouch	24	static
../Core/Src/z_touch_XPT2046.c:255:9:Touch_WaitForUntouch	24	static
../Core/Src/z_touch_XPT2046.c:290:9:Touch_In_XY_area	32	static
../Core/Src/z_touch_XPT2046.c:321:9:Touch_GotATouch	24	static
