Archive member included to satisfy reference by file (symbol)

c:/st/stm32cubeide_1.9.0/stm32cubeide/plugins/com.st.stm32cube.ide.mcu.externaltools.gnu-tools-for-stm32.10.3-2021.10.win32_1.0.0.202111181127/tools/bin/../lib/gcc/arm-none-eabi/10.3.1/../../../../arm-none-eabi/lib/thumb/v7e-m+fp/hard\libm.a(lib_a-s_sin.o)
                              ./Core/Src/wavetable.o (sin)
c:/st/stm32cubeide_1.9.0/stm32cubeide/plugins/com.st.stm32cube.ide.mcu.externaltools.gnu-tools-for-stm32.10.3-2021.10.win32_1.0.0.202111181127/tools/bin/../lib/gcc/arm-none-eabi/10.3.1/../../../../arm-none-eabi/lib/thumb/v7e-m+fp/hard\libm.a(lib_a-sf_cos.o)
                              ./Core/Src/biquad.o (cosf)
c:/st/stm32cubeide_1.9.0/stm32cubeide/plugins/com.st.stm32cube.ide.mcu.externaltools.gnu-tools-for-stm32.10.3-2021.10.win32_1.0.0.202111181127/tools/bin/../lib/gcc/arm-none-eabi/10.3.1/../../../../arm-none-eabi/lib/thumb/v7e-m+fp/hard\libm.a(lib_a-sf_sin.o)
                              ./Core/Src/biquad.o (sinf)
c:/st/stm32cubeide_1.9.0/stm32cubeide/plugins/com.st.stm32cube.ide.mcu.externaltools.gnu-tools-for-stm32.10.3-2021.10.win32_1.0.0.202111181127/tools/bin/../lib/gcc/arm-none-eabi/10.3.1/../../../../arm-none-eabi/lib/thumb/v7e-m+fp/hard\libm.a(lib_a-w_pow.o)
                              ./Core/Src/synthutil.o (pow)
c:/st/stm32cubeide_1.9.0/stm32cubeide/plugins/com.st.stm32cube.ide.mcu.externaltools.gnu-tools-for-stm32.10.3-2021.10.win32_1.0.0.202111181127/tools/bin/../lib/gcc/arm-none-eabi/10.3.1/../../../../arm-none-eabi/lib/thumb/v7e-m+fp/hard\libm.a(lib_a-wf_pow.o)
                              ./Core/Src/biquad.o (powf)
c:/st/stm32cubeide_1.9.0/stm32cubeide/plugins/com.st.stm32cube.ide.mcu.externaltools.gnu-tools-for-stm32.10.3-2021.10.win32_1.0.0.202111181127/tools/bin/../lib/gcc/arm-none-eabi/10.3.1/../../../../arm-none-eabi/lib/thumb/v7e-m+fp/hard\libm.a(lib_a-wf_sqrt.o)
                              ./Core/Src/biquad.o (sqrtf)
c:/st/stm32cubeide_1.9.0/stm32cubeide/plugins/com.st.stm32cube.ide.mcu.externaltools.gnu-tools-for-stm32.10.3-2021.10.win32_1.0.0.202111181127/tools/bin/../lib/gcc/arm-none-eabi/10.3.1/../../../../arm-none-eabi/lib/thumb/v7e-m+fp/hard\libm.a(lib_a-e_pow.o)
                              c:/st/stm32cubeide_1.9.0/stm32cubeide/plugins/com.st.stm32cube.ide.mcu.externaltools.gnu-tools-for-stm32.10.3-2021.10.win32_1.0.0.202111181127/tools/bin/../lib/gcc/arm-none-eabi/10.3.1/../../../../arm-none-eabi/lib/thumb/v7e-m+fp/hard\libm.a(lib_a-w_pow.o) (__ieee754_pow)
c:/st/stm32cubeide_1.9.0/stm32cubeide/plugins/com.st.stm32cube.ide.mcu.externaltools.gnu-tools-for-stm32.10.3-2021.10.win32_1.0.0.202111181127/tools/bin/../lib/gcc/arm-none-eabi/10.3.1/../../../../arm-none-eabi/lib/thumb/v7e-m+fp/hard\libm.a(lib_a-e_rem_pio2.o)
                              c:/st/stm32cubeide_1.9.0/stm32cubeide/plugins/com.st.stm32cube.ide.mcu.externaltools.gnu-tools-for-stm32.10.3-2021.10.win32_1.0.0.202111181127/tools/bin/../lib/gcc/arm-none-eabi/10.3.1/../../../../arm-none-eabi/lib/thumb/v7e-m+fp/hard\libm.a(lib_a-s_sin.o) (__ieee754_rem_pio2)
c:/st/stm32cubeide_1.9.0/stm32cubeide/plugins/com.st.stm32cube.ide.mcu.externaltools.gnu-tools-for-stm32.10.3-2021.10.win32_1.0.0.202111181127/tools/bin/../lib/gcc/arm-none-eabi/10.3.1/../../../../arm-none-eabi/lib/thumb/v7e-m+fp/hard\libm.a(lib_a-e_sqrt.o)
                              c:/st/stm32cubeide_1.9.0/stm32cubeide/plugins/com.st.stm32cube.ide.mcu.externaltools.gnu-tools-for-stm32.10.3-2021.10.win32_1.0.0.202111181127/tools/bin/../lib/gcc/arm-none-eabi/10.3.1/../../../../arm-none-eabi/lib/thumb/v7e-m+fp/hard\libm.a(lib_a-e_pow.o) (__ieee754_sqrt)
c:/st/stm32cubeide_1.9.0/stm32cubeide/plugins/com.st.stm32cube.ide.mcu.externaltools.gnu-tools-for-stm32.10.3-2021.10.win32_1.0.0.202111181127/tools/bin/../lib/gcc/arm-none-eabi/10.3.1/../../../../arm-none-eabi/lib/thumb/v7e-m+fp/hard\libm.a(lib_a-ef_pow.o)
                              c:/st/stm32cubeide_1.9.0/stm32cubeide/plugins/com.st.stm32cube.ide.mcu.externaltools.gnu-tools-for-stm32.10.3-2021.10.win32_1.0.0.202111181127/tools/bin/../lib/gcc/arm-none-eabi/10.3.1/../../../../arm-none-eabi/lib/thumb/v7e-m+fp/hard\libm.a(lib_a-wf_pow.o) (__ieee754_powf)
c:/st/stm32cubeide_1.9.0/stm32cubeide/plugins/com.st.stm32cube.ide.mcu.externaltools.gnu-tools-for-stm32.10.3-2021.10.win32_1.0.0.202111181127/tools/bin/../lib/gcc/arm-none-eabi/10.3.1/../../../../arm-none-eabi/lib/thumb/v7e-m+fp/hard\libm.a(lib_a-ef_rem_pio2.o)
                              c:/st/stm32cubeide_1.9.0/stm32cubeide/plugins/com.st.stm32cube.ide.mcu.externaltools.gnu-tools-for-stm32.10.3-2021.10.win32_1.0.0.202111181127/tools/bin/../lib/gcc/arm-none-eabi/10.3.1/../../../../arm-none-eabi/lib/thumb/v7e-m+fp/hard\libm.a(lib_a-sf_cos.o) (__ieee754_rem_pio2f)
[...]
Memory Configuration

Name             Origin             Length             Attributes
CCMRAM           0x0000000010000000 0x0000000000010000 xrw
RAM              0x0000000020000000 0x0000000000020000 xrw
FLASH            0x0000000008000000 0x0000000000100000 xr
*default*        0x0000000000000000 0xffffffffffffffff

Linker script and memory map

LOAD c:/st/stm32cubeide_1.9.0/stm32cubeide/plugins/com.st.stm32cube.ide.mcu.externaltools.gnu-tools-for-stm32.10.3-2021.10.win32_1.0.0.202111181127/tools/bin/../lib/gcc/arm-none-eabi/10.3.1/thumb/v7e-m+fp/hard/crti.o
LOAD c:/st/stm32cubeide_1.9.0/stm32cubeide/plugins/com.st.stm32cube.ide.mcu.externaltools.gnu-tools-for-stm32.10.3-2021.10.win32_1.0.0.202111181127/tools/bin/../lib/gcc/arm-none-eabi/10.3.1/thumb/v7e-m+fp/hard/crtbegin.o
LOAD c:/st/stm32cubeide_1.9.0/stm32cubeide/plugins/com.st.stm32cube.ide.mcu.externaltools.gnu-tools-for-stm32.10.3-2021.10.win32_1.0.0.202111181127/tools/bin/../lib/gcc/arm-none-eabi/10.3.1/../../../../arm-none-eabi/lib/thumb/v7e-m+fp/hard/crt0.o
LOAD ./Core/Src/adsr.o
LOAD ./Core/Src/biquad.o
LOAD ./Core/Src/font12.o
LOAD ./Core/Src/font16.o
LOAD ./Core/Src/font20.o
LOAD ./Core/Src/font24.o
LOAD ./Core/Src/font8.o
LOAD ./Core/Src/main.o
LOAD ./Core/Src/midi.o
LOAD ./Core/Src/stm32f4xx_hal_msp.o
LOAD ./Core/Src/stm32f4xx_it.o
LOAD ./Core/Src/synth.o
LOAD ./Core/Src/synthutil.o
LOAD ./Core/Src/syscalls.o
LOAD ./Core/Src/sysmem.o
LOAD ./Core/Src/system_stm32f4xx.o
LOAD ./Core/Src/wavetable.o
LOAD ./Core/Src/z_displ_ILI9XXX.o
LOAD ./Core/Src/z_touch_XPT2046.o
LOAD ./Core/Src/z_touch_XPT2046_menu.o
LOAD ./Core/Startup/startup_stm32f407vgtx.o
LOAD ./Drivers/BSP/Components/cs43l22/cs43l22.o
LOAD ./Drivers/BSP/STM32F4-Discovery/stm32f4_discovery.o
LOAD ./Drivers/BSP/STM32F4-Discovery/stm32f4_discovery_audio.o
LOAD ./Drivers/STM32F4xx_HAL_Driver/Src/stm32f4xx_hal.o
LOAD ./Drivers/STM32F4xx_HAL_Driver/Src/stm32f4xx_hal_cortex.o
LOAD ./Drivers/STM32F4xx_HAL_Driver/Src/stm32f4xx_hal_crc.o
LOAD ./Drivers/STM32F4xx_HAL_Driver/Src/stm32f4xx_hal_dma.o
LOAD ./Drivers/STM32F4xx_HAL_Driver/Src/stm32f4xx_hal_dma_ex.o
LOAD ./Drivers/STM32F4xx_HAL_Driver/Src/stm32f4xx_hal_exti.o
LOAD ./Drivers/STM32F4xx_HAL_Driver/Src/stm32f4xx_hal_flash.o
LOAD ./Drivers/STM32F4xx_HAL_Driver/Src/stm32f4xx_hal_flash_ex.o
LOAD ./Drivers/STM32F4xx_HAL_Driver/Src/stm32f4xx_hal_flash_ramfunc.o
LOAD ./Drivers/STM32F4xx_HAL_Driver/Src/stm32f4xx_hal_gpio.o
LOAD ./Drivers/STM32F4xx_HAL_Driver/Src/stm32f4xx_hal_hcd.o
LOAD ./Drivers/STM32F4xx_HAL_Driver/Src/stm32f4xx_hal_i2c.o
LOAD ./Drivers/STM32F4xx_HAL_Driver/Src/stm32f4xx_hal_i2c_ex.o
LOAD ./Drivers/STM32F4xx_HAL_Driver/Src/stm32f4xx_hal_i2s.o
LOAD ./Drivers/STM32F4xx_HAL_Driver/Src/stm32f4xx_hal_i2s_ex.o
LOAD ./Drivers/STM32F4xx_HAL_Driver/Src/stm32f4xx_hal_pwr.o
LOAD ./Drivers/STM32F4xx_HAL_Driver/Src/stm32f4xx_hal_pwr_ex.o
LOAD ./Drivers/STM32F4xx_HAL_Driver/Src/stm32f4xx_hal_rcc.o
LOAD ./Drivers/STM32F4xx_HAL_Driver/Src/stm32f4xx_hal_rcc_ex.o
LOAD ./Drivers/STM32F4xx_HAL_Driver/Src/stm32f4xx_hal_spi.o
LOAD ./Drivers/STM32F4xx_HAL_Driver/Src/stm32f4xx_hal_tim.o
LOAD ./Drivers/STM32F4xx_HAL_Driver/Src/stm32f4xx_hal_tim_ex.o
LOAD ./Drivers/STM32F4xx_HAL_Driver/Src/stm32f4xx_hal_uart.o
LOAD ./Drivers/STM32F4xx_HAL_Driver/Src/stm32f4xx_ll_usb.o
LOAD ./Drivers/USBH_midi_class/Src/usbh_MIDI.o
LOAD ./Middlewares/ST/STM32_USB_Host_Library/Class/AUDIO/Src/usbh_audio.o
LOAD ./Middlewares/ST/STM32_USB_Host_Library/Core/Src/usbh_core.o
LOAD ./Middlewares/ST/STM32_USB_Host_Library/Core/Src/usbh_ctlreq.o
LOAD ./Middlewares/ST/STM32_USB_Host_Library/Core/Src/usbh_ioreq.o
LOAD ./Middlewares/ST/STM32_USB_Host_Library/Core/Src/usbh_pipes.o
LOAD ./USB_HOST/App/usb_host.o
LOAD ./USB_HOST/Target/usbh_conf.o
LOAD ./USB_HOST/Target/usbh_platform.o
START GROUP
LOAD c:/st/stm32cubeide_1.9.0/stm32cubeide/plugins/com.st.stm32cube.ide.mcu.externaltools.gnu-tools-for-stm32.10.3-2021.10.win32_1.0.0.202111181127/tools/bin/../lib/gcc/arm-none-eabi/10.3.1/../../../../arm-none-eabi/lib/thumb/v7e-m+fp/hard\libstdc++_nano.a
LOAD c:/st/stm32cubeide_1.9.0/stm32cubeide/plugins/com.st.stm32cube.ide.mcu.externaltools.gnu-tools-for-stm32.10.3-2021.10.win32_1.0.0.202111181127/tools/bin/../lib/gcc/arm-none-eabi/10.3.1/../../../../arm-none-eabi/lib/thumb/v7e-m+fp/hard\libsupc++_nano.a
END GROUP
LOAD c:/st/stm32cubeide_1.9.0/stm32cubeide/plugins/com.st.stm32cube.ide.mcu.externaltools.gnu-tools-for-stm32.10.3-2021.10.win32_1.0.0.202111181127/tools/bin/../lib/gcc/arm-none-eabi/10.3.1/../../../../arm-none-eabi/lib/thumb/v7e-m+fp/hard\libstdc++_nano.a
LOAD c:/st/stm32cubeide_1.9.0/stm32cubeide/plugins/com.st.stm32cube.ide.mcu.externaltools.gnu-tools-for-stm32.10.3-2021.10.win32_1.0.0.202111181127/tools/bin/../lib/gcc/arm-none-eabi/10.3.1/../../../../arm-none-eabi/lib/thumb/v7e-m+fp/hard\libm.a
LOAD c:/st/stm32cubeide_1.9.0/stm32cubeide/plugins/com.st.stm32cube.ide.mcu.externaltools.gnu-tools-for-stm32.10.3-2021.10.win32_1.0.0.202111181127/tools/bin/../lib/gcc/arm-none-eabi/10.3.1/../../../../arm-none-eabi/lib/thumb/v7e-m+fp/hard\libc_nano.a
START GROUP
LOAD c:/st/stm32cubeide_1.9.0/stm32cubeide/plugins/com.st.stm32cube.ide.mcu.externaltools.gnu-tools-for-stm32.10.3-2021.10.win32_1.0.0.202111181127/tools/bin/../lib/gcc/arm-none-eabi/10.3.1/thumb/v7e-m+fp/hard\libgcc.a
LOAD c:/st/stm32cubeide_1.9.0/stm32cubeide/plugins/com.st.stm32cube.ide.mcu.externaltools.gnu-tools-for-stm32.10.3-2021.10.win32_1.0.0.202111181127/tools/bin/../lib/gcc/arm-none-eabi/10.3.1/../../../../arm-none-eabi/lib/thumb/v7e-m+fp/hard\libc_nano.a
END GROUP
START GROUP
LOAD c:/st/stm32cubeide_1.9.0/stm32cubeide/plugins/com.st.stm32cube.ide.mcu.externaltools.gnu-tools-for-stm32.10.3-2021.10.win32_1.0.0.202111181127/tools/bin/../lib/gcc/arm-none-eabi/10.3.1/thumb/v7e-m+fp/hard\libgcc.a
LOAD c:/st/stm32cubeide_1.9.0/stm32cubeide/plugins/com.st.stm32cube.ide.mcu.externaltools.gnu-tools-for-stm32.10.3-2021.10.win32_1.0.0.202111181127/tools/bin/../lib/gcc/arm-none-eabi/10.3.1/../../../../arm-none-eabi/lib/thumb/v7e-m+fp/hard\libc_nano.a
END GROUP
LOAD c:/st/stm32cubeide_1.9.0/stm32cubeide/plugins/com.st.stm32cube.ide.mcu.externaltools.gnu-tools-for-stm32.10.3-2021.10.win32_1.0.0.202111181127/tools/bin/../lib/gcc/arm-none-eabi/10.3.1/thumb/v7e-m+fp/hard/crtend.o
LOAD c:/st/stm32cubeide_1.9.0/stm32cubeide/plugins/com.st.stm32cube.ide.mcu.externaltools.gnu-tools-for-stm32.10.3-2021.10.win32_1.0.0.202111181127/tools/bin/../lib/gcc/arm-none-eabi/10.3.1/thumb/v7e-m+fp/hard/crtn.o
                0x0000000020020000                _estack = (ORIGIN (RAM) + LENGTH (RAM))
                0x0000000000000200                _Min_Heap_Size = 0x200
                0x0000000000000400                _Min_Stack_Size = 0x400

.isr_vector     0x0000000008000000      0x188
                0x0000000008000000                . = ALIGN (0x4)
 *(.isr_vector)
 .isr_vector    0x0000000008000000      0x188 ./Core/Startup/startup_stm32f407vgtx.o
                0x0000000008000000                g_pfnVectors
                0x0000000008000188                . = ALIGN (0x4)

.text           0x0000000008000190     0xcec0
                0x0000000008000190                . = ALIGN (0x4)
 *(.text)
 .text          0x0000000008000190       0x40 c:/st/stm32cubeide_1.9.0/stm32cubeide/plugins/com.st.stm32cube.ide.mcu.externaltools.gnu-tools-for-stm32.10.3-2021.10.win32_1.0.0.202111181127/tools/bin/../lib/gcc/arm-none-eabi/10.3.1/thumb/v7e-m+fp/hard/crtbegin.o
 .text          0x00000000080001d0       0x10 c:/st/stm32cubeide_1.9.0/stm32cubeide/plugins/com.st.stm32cube.ide.mcu.externaltools.gnu-tools-for-stm32.10.3-2021.10.win32_1.0.0.202111181127/tools/bin/../lib/gcc/arm-none-eabi/10.3.1/../../../../arm-none-eabi/lib/thumb/v7e-m+fp/hard\libc_nano.a(lib_a-strlen.o)
                0x00000000080001d0                strlen
 .text          0x00000000080001e0       0xa0 c:/st/stm32cubeide_1.9.0/stm32cubeide/plugins/com.st.stm32cube.ide.mcu.externaltools.gnu-tools-for-stm32.10.3-2021.10.win32_1.0.0.202111181127/tools/bin/../lib/gcc/arm-none-eabi/10.3.1/../../../../arm-none-eabi/lib/thumb/v7e-m+fp/hard\libc_nano.a(lib_a-memchr.o)
                0x00000000080001e0                memchr
 .text          0x0000000008000280      0x378 c:/st/stm32cubeide_1.9.0/stm32cubeide/plugins/com.st.stm32cube.ide.mcu.externaltools.gnu-tools-for-stm32.10.3-2021.10.win32_1.0.0.202111181127/tools/bin/../lib/gcc/arm-none-eabi/10.3.1/thumb/v7e-m+fp/hard\libgcc.a(_arm_addsubdf3.o)
                0x0000000008000280                __aeabi_drsub
                0x0000000008000288                __aeabi_dsub
                0x0000000008000288                __subdf3
                0x000000000800028c                __aeabi_dadd
                0x000000000800028c                __adddf3
                0x0000000008000504                __floatunsidf
                0x0000000008000504                __aeabi_ui2d
                0x0000000008000524                __floatsidf
                0x0000000008000524                __aeabi_i2d
                0x0000000008000548                __aeabi_f2d
                0x0000000008000548                __extendsfdf2
                0x000000000800058c                __floatundidf
                0x000000000800058c                __aeabi_ul2d
                0x000000000800059c                __floatdidf
                0x000000000800059c                __aeabi_l2d
 .text          0x00000000080005f8      0x424 c:/st/stm32cubeide_1.9.0/stm32cubeide/plugins/com.st.stm32cube.ide.mcu.externaltools.gnu-tools-for-stm32.10.3-2021.10.win32_1.0.0.202111181127/tools/bin/../lib/gcc/arm-none-eabi/10.3.1/thumb/v7e-m+fp/hard\libgcc.a(_arm_muldivdf3.o)
                0x00000000080005f8                __aeabi_dmul
                0x00000000080005f8                __muldf3
                0x000000000800084c                __divdf3
                0x000000000800084c                __aeabi_ddiv
 .text          0x0000000008000a1c      0x110 c:/st/stm32cubeide_1.9.0/stm32cubeide/plugins/com.st.stm32cube.ide.mcu.externaltools.gnu-tools-for-stm32.10.3-2021.10.win32_1.0.0.202111181127/tools/bin/../lib/gcc/arm-none-eabi/10.3.1/thumb/v7e-m+fp/hard\libgcc.a(_arm_cmpdf2.o)
                0x0000000008000a1c                __gtdf2
                0x0000000008000a1c                __gedf2
                0x0000000008000a24                __ltdf2
                0x0000000008000a24                __ledf2
                0x0000000008000a2c                __nedf2
                0x0000000008000a2c                __eqdf2
                0x0000000008000a2c                __cmpdf2
                0x0000000008000aa8                __aeabi_cdrcmple
                0x0000000008000ab8                __aeabi_cdcmpeq
                0x0000000008000ab8                __aeabi_cdcmple
                0x0000000008000ac8                __aeabi_dcmpeq
                0x0000000008000adc                __aeabi_dcmplt
                0x0000000008000af0                __aeabi_dcmple
                0x0000000008000b04                __aeabi_dcmpge
                0x0000000008000b18                __aeabi_dcmpgt
 .text          0x0000000008000b2c       0x2c c:/st/stm32cubeide_1.9.0/stm32cubeide/plugins/com.st.stm32cube.ide.mcu.externaltools.gnu-tools-for-stm32.10.3-2021.10.win32_1.0.0.202111181127/tools/bin/../lib/gcc/arm-none-eabi/10.3.1/thumb/v7e-m+fp/hard\libgcc.a(_arm_unorddf2.o)
                0x0000000008000b2c                __unorddf2
                0x0000000008000b2c                __aeabi_dcmpun
 .text          0x0000000008000b58       0x50 c:/st/stm32cubeide_1.9.0/stm32cubeide/plugins/com.st.stm32cube.ide.mcu.externaltools.gnu-tools-for-stm32.10.3-2021.10.win32_1.0.0.202111181127/tools/bin/../lib/gcc/arm-none-eabi/10.3.1/thumb/v7e-m+fp/hard\libgcc.a(_arm_fixdfsi.o)
                0x0000000008000b58                __aeabi_d2iz
                0x0000000008000b58                __fixdfsi
 .text          0x0000000008000ba8       0xa0 c:/st/stm32cubeide_1.9.0/stm32cubeide/plugins/com.st.stm32cube.ide.mcu.externaltools.gnu-tools-for-stm32.10.3-2021.10.win32_1.0.0.202111181127/tools/bin/../lib/gcc/arm-none-eabi/10.3.1/thumb/v7e-m+fp/hard\libgcc.a(_arm_truncdfsf2.o)
                0x0000000008000ba8                __truncdfsf2
                0x0000000008000ba8                __aeabi_d2f
 .text          0x0000000008000c48       0x30 c:/st/stm32cubeide_1.9.0/stm32cubeide/plugins/com.st.stm32cube.ide.mcu.externaltools.gnu-tools-for-stm32.10.3-2021.10.win32_1.0.0.202111181127/tools/bin/../lib/gcc/arm-none-eabi/10.3.1/thumb/v7e-m+fp/hard\libgcc.a(_aeabi_uldivmod.o)
                0x0000000008000c48                __aeabi_uldivmod
 .text          0x0000000008000c78      0x2d0 c:/st/stm32cubeide_1.9.0/stm32cubeide/plugins/com.st.stm32cube.ide.mcu.externaltools.gnu-tools-for-stm32.10.3-2021.10.win32_1.0.0.202111181127/tools/bin/../lib/gcc/arm-none-eabi/10.3.1/thumb/v7e-m+fp/hard\libgcc.a(_udivmoddi4.o)
                0x0000000008000c78                __udivmoddi4
 .text          0x0000000008000f48        0x4 c:/st/stm32cubeide_1.9.0/stm32cubeide/plugins/com.st.stm32cube.ide.mcu.externaltools.gnu-tools-for-stm32.10.3-2021.10.win32_1.0.0.202111181127/tools/bin/../lib/gcc/arm-none-eabi/10.3.1/thumb/v7e-m+fp/hard\libgcc.a(_dvmd_tls.o)
                0x0000000008000f48                __aeabi_idiv0
                0x0000000008000f48                __aeabi_ldiv0
 *(.text*)
 .text.adsr_reset
                0x0000000008000f4c       0x14 ./Core/Src/adsr.o
                0x0000000008000f4c                adsr_reset
 .text.adsr_init
                0x0000000008000f60       0x18 ./Core/Src/adsr.o
                0x0000000008000f60                adsr_init
 .text.adsr_note_on
                0x0000000008000f78       0x34 ./Core/Src/adsr.o
                0x0000000008000f78                adsr_note_on
 .text.adsr_note_off
                0x0000000008000fac       0x18 ./Core/Src/adsr.o
                0x0000000008000fac                adsr_note_off
 .text.get_sample
                0x0000000008000fc4       0xac ./Core/Src/adsr.o
                0x0000000008000fc4                get_sample
 .text.adsr_get_samples
                0x0000000008001070       0x4c ./Core/Src/adsr.o
                0x0000000008001070                adsr_get_samples
 .text.adsr_active
                0x00000000080010bc       0x48 ./Core/Src/adsr.o
                0x00000000080010bc                adsr_active
 .text.adsr_releasing
                0x0000000008001104       0x14 ./Core/Src/adsr.o
                0x0000000008001104                adsr_releasing
 .text.state_reset
                0x0000000008001118       0x14 ./Core/Src/biquad.o
 .text.sf_biquad_process
                0x000000000800112c       0xca ./Core/Src/biquad.o
                0x000000000800112c                sf_biquad_process
 *fill*         0x00000000080011f6        0x2 
 .text.sf_lowpass
                0x00000000080011f8       0xd4 ./Core/Src/biquad.o
                0x00000000080011f8                sf_lowpass
 .text.SystemClock_Config
                0x00000000080012cc       0xa0 ./Core/Src/main.o
                0x00000000080012cc                SystemClock_Config
 .text.startup.main
                0x000000000800136c      0x454 ./Core/Src/main.o
                0x000000000800136c                main
 .text.readEncoder
                0x00000000080017c0      0x1fc ./Core/Src/main.o
                0x00000000080017c0                readEncoder
 .text.Button_Control
                0x00000000080019bc       0x70 ./Core/Src/main.o
                0x00000000080019bc                Button_Control
 .text.Error_Handler
                0x0000000008001a2c        0x2 ./Core/Src/main.o
                0x0000000008001a2c                Error_Handler
 *fill*         0x0000000008001a2e        0x2 
 .text.start_midi
                0x0000000008001a30       0x14 ./Core/Src/midi.o
                0x0000000008001a30                start_midi
 .text.decode_midi
                0x0000000008001a44       0x16 ./Core/Src/midi.o
                0x0000000008001a44                decode_midi
 *fill*         0x0000000008001a5a        0x2 
 .text.USBH_MIDI_ReceiveCallback
                0x0000000008001a5c       0x4c ./Core/Src/midi.o
                0x0000000008001a5c                USBH_MIDI_ReceiveCallback
 .text.HAL_MspInit
                0x0000000008001aa8       0x3c ./Core/Src/stm32f4xx_hal_msp.o
                0x0000000008001aa8                HAL_MspInit
 .text.HAL_CRC_MspInit
                0x0000000008001ae4       0x30 ./Core/Src/stm32f4xx_hal_msp.o
                0x0000000008001ae4                HAL_CRC_MspInit
 .text.HAL_I2C_MspInit
                0x0000000008001b14       0x70 ./Core/Src/stm32f4xx_hal_msp.o
                0x0000000008001b14                HAL_I2C_MspInit
 .text.HAL_I2C_MspDeInit
                0x0000000008001b84       0x38 ./Core/Src/stm32f4xx_hal_msp.o
                0x0000000008001b84                HAL_I2C_MspDeInit
 .text.HAL_I2S_MspInit
                0x0000000008001bbc      0x108 ./Core/Src/stm32f4xx_hal_msp.o
                0x0000000008001bbc                HAL_I2S_MspInit
 .text.HAL_SPI_MspInit
                0x0000000008001cc4       0xe4 ./Core/Src/stm32f4xx_hal_msp.o
                0x0000000008001cc4                HAL_SPI_MspInit
 .text.HAL_TIM_PWM_MspInit
                0x0000000008001da8       0x30 ./Core/Src/stm32f4xx_hal_msp.o
                0x0000000008001da8                HAL_TIM_PWM_MspInit
 .text.HAL_TIM_MspPostInit
                0x0000000008001dd8       0x54 ./Core/Src/stm32f4xx_hal_msp.o
                0x0000000008001dd8                HAL_TIM_MspPostInit
 .text.HAL_UART_MspInit
                0x0000000008001e2c       0x6c ./Core/Src/stm32f4xx_hal_msp.o
                0x0000000008001e2c                HAL_UART_MspInit
 .text.NMI_Handler
                0x0000000008001e98        0x2 ./Core/Src/stm32f4xx_it.o
                0x0000000008001e98                NMI_Handler
 .text.HardFault_Handler
                0x0000000008001e9a        0x2 ./Core/Src/stm32f4xx_it.o
                0x0000000008001e9a                HardFault_Handler
 .text.MemManage_Handler
                0x0000000008001e9c        0x2 ./Core/Src/stm32f4xx_it.o
                0x0000000008001e9c                MemManage_Handler
 .text.BusFault_Handler
                0x0000000008001e9e        0x2 ./Core/Src/stm32f4xx_it.o
                0x0000000008001e9e                BusFault_Handler
 .text.UsageFault_Handler
                0x0000000008001ea0        0x2 ./Core/Src/stm32f4xx_it.o
                0x0000000008001ea0                UsageFault_Handler
 .text.SVC_Handler
                0x0000000008001ea2        0x2 ./Core/Src/stm32f4xx_it.o
                0x0000000008001ea2                SVC_Handler
 .text.DebugMon_Handler
                0x0000000008001ea4        0x2 ./Core/Src/stm32f4xx_it.o
                0x0000000008001ea4                DebugMon_Handler
 .text.PendSV_Handler
                0x0000000008001ea6        0x2 ./Core/Src/stm32f4xx_it.o
                0x0000000008001ea6                PendSV_Handler
 .text.SysTick_Handler
                0x0000000008001ea8        0x4 ./Core/Src/stm32f4xx_it.o
                0x0000000008001ea8                SysTick_Handler
 .text.EXTI4_IRQHandler
                0x0000000008001eac       0x20 ./Core/Src/stm32f4xx_it.o
                0x0000000008001eac                EXTI4_IRQHandler
 .text.DMA1_Stream4_IRQHandler
                0x0000000008001ecc        0xc ./Core/Src/stm32f4xx_it.o
                0x0000000008001ecc                DMA1_Stream4_IRQHandler
 .text.DMA1_Stream5_IRQHandler
                0x0000000008001ed8        0xc ./Core/Src/stm32f4xx_it.o
                0x0000000008001ed8                DMA1_Stream5_IRQHandler
 .text.EXTI9_5_IRQHandler
                0x0000000008001ee4       0x20 ./Core/Src/stm32f4xx_it.o
                0x0000000008001ee4                EXTI9_5_IRQHandler
 .text.SPI2_IRQHandler
                0x0000000008001f04        0xc ./Core/Src/stm32f4xx_it.o
                0x0000000008001f04                SPI2_IRQHandler
 .text.EXTI15_10_IRQHandler
                0x0000000008001f10        0x8 ./Core/Src/stm32f4xx_it.o
                0x0000000008001f10                EXTI15_10_IRQHandler
 .text.OTG_FS_IRQHandler
                0x0000000008001f18        0xc ./Core/Src/stm32f4xx_it.o
                0x0000000008001f18                OTG_FS_IRQHandler
 .text.set_wave
                0x0000000008001f24       0x1c ./Core/Src/synth.o
                0x0000000008001f24                set_wave
 .text.set_attack
                0x0000000008001f40       0x1c ./Core/Src/synth.o
                0x0000000008001f40                set_attack
 .text.set_decay
                0x0000000008001f5c       0x1c ./Core/Src/synth.o
                0x0000000008001f5c                set_decay
 .text.set_sustain
                0x0000000008001f78       0x1c ./Core/Src/synth.o
                0x0000000008001f78                set_sustain
 .text.set_release
                0x0000000008001f94       0x1c ./Core/Src/synth.o
                0x0000000008001f94                set_release
 .text.set_scale
                0x0000000008001fb0       0x1c ./Core/Src/synth.o
                0x0000000008001fb0                set_scale
 .text.note_on  0x0000000008001fcc       0x54 ./Core/Src/synth.o
                0x0000000008001fcc                note_on
 .text.note_off
                0x0000000008002020       0x4c ./Core/Src/synth.o
                0x0000000008002020                note_off
 .text.update_audio_buffer
                0x000000000800206c      0x134 ./Core/Src/synth.o
                0x000000000800206c                update_audio_buffer
 .text.audio_init
                0x00000000080021a0       0x30 ./Core/Src/synth.o
                0x00000000080021a0                audio_init
 .text.synth_init
                0x00000000080021d0       0x94 ./Core/Src/synth.o
                0x00000000080021d0                synth_init
 .text.BSP_AUDIO_OUT_HalfTransfer_CallBack
                0x0000000008002264       0x28 ./Core/Src/synth.o
                0x0000000008002264                BSP_AUDIO_OUT_HalfTransfer_CallBack
 .text.BSP_AUDIO_OUT_TransferComplete_CallBack
                0x000000000800228c       0x28 ./Core/Src/synth.o
                0x000000000800228c                BSP_AUDIO_OUT_TransferComplete_CallBack
 .text.BSP_AUDIO_OUT_Error_CallBack
                0x00000000080022b4        0xc ./Core/Src/synth.o
                0x00000000080022b4                BSP_AUDIO_OUT_Error_CallBack
 .text.pitch_to_freq
                0x00000000080022c0       0x60 ./Core/Src/synthutil.o
                0x00000000080022c0                pitch_to_freq
 .text.float2uint16
                0x0000000008002320       0x34 ./Core/Src/synthutil.o
                0x0000000008002320                float2uint16
 .text._read    0x0000000008002354       0x1c ./Core/Src/syscalls.o
                0x0000000008002354                _read
 .text._write   0x0000000008002370       0x1c ./Core/Src/syscalls.o
                0x0000000008002370                _write
 .text._close   0x000000000800238c        0x6 ./Core/Src/syscalls.o
                0x000000000800238c                _close
 .text._fstat   0x0000000008002392        0xa ./Core/Src/syscalls.o
                0x0000000008002392                _fstat
 .text._isatty  0x000000000800239c        0x4 ./Core/Src/syscalls.o
                0x000000000800239c                _isatty
 .text._lseek   0x00000000080023a0        0x4 ./Core/Src/syscalls.o
                0x00000000080023a0                _lseek
 .text._sbrk    0x00000000080023a4       0x40 ./Core/Src/sysmem.o
                0x00000000080023a4                _sbrk
 .text.SystemInit
                0x00000000080023e4       0x14 ./Core/Src/system_stm32f4xx.o
                0x00000000080023e4                SystemInit
 .text.wavetable_sine_init
                0x00000000080023f8       0x4c ./Core/Src/wavetable.o
                0x00000000080023f8                wavetable_sine_init
 *fill*         0x0000000008002444        0x4 
 .text.wavetable_saw_init
                0x0000000008002448       0xf4 ./Core/Src/wavetable.o
                0x0000000008002448                wavetable_saw_init
 .text.wavetable_square_init
                0x000000000800253c       0x30 ./Core/Src/wavetable.o
                0x000000000800253c                wavetable_square_init
 .text.wavetable_triangle_init
                0x000000000800256c       0x38 ./Core/Src/wavetable.o
                0x000000000800256c                wavetable_triangle_init
 *fill*         0x00000000080025a4        0x4 
 .text.wavetable_semi_sine_init
                0x00000000080025a8       0x8c ./Core/Src/wavetable.o
                0x00000000080025a8                wavetable_semi_sine_init
 .text.wavetable_init
                0x0000000008002634       0x5c ./Core/Src/wavetable.o
                0x0000000008002634                wavetable_init
 .text.wavetable_note_on
                0x0000000008002690       0x34 ./Core/Src/wavetable.o
                0x0000000008002690                wavetable_note_on
 .text.wavetable_get_samples
                0x00000000080026c4       0x98 ./Core/Src/wavetable.o
                0x00000000080026c4                wavetable_get_samples
 .text.Displ_Select
                0x000000000800275c       0x4c ./Core/Src/z_displ_ILI9XXX.o
                0x000000000800275c                Displ_Select
 .text.Displ_Transmit
                0x00000000080027a8       0xa8 ./Core/Src/z_displ_ILI9XXX.o
                0x00000000080027a8                Displ_Transmit
 .text.Displ_WriteCommand
                0x0000000008002850       0x1a ./Core/Src/z_displ_ILI9XXX.o
                0x0000000008002850                Displ_WriteCommand
 .text.Displ_WriteData
                0x000000000800286a       0x10 ./Core/Src/z_displ_ILI9XXX.o
                0x000000000800286a                Displ_WriteData
 *fill*         0x000000000800287a        0x2 
 .text.ILI9XXX_Init
                0x000000000800287c       0x88 ./Core/Src/z_displ_ILI9XXX.o
                0x000000000800287c                ILI9XXX_Init
 .text.Displ_SetAddressWindow
                0x0000000008002904       0x64 ./Core/Src/z_displ_ILI9XXX.o
                0x0000000008002904                Displ_SetAddressWindow
 .text.Displ_Orientation
                0x0000000008002968       0x70 ./Core/Src/z_displ_ILI9XXX.o
                0x0000000008002968                Displ_Orientation
 .text.Displ_Init
                0x00000000080029d8       0x30 ./Core/Src/z_displ_ILI9XXX.o
                0x00000000080029d8                Displ_Init
 .text.HAL_SPI_TxCpltCallback
                0x0000000008002a08       0x18 ./Core/Src/z_displ_ILI9XXX.o
                0x0000000008002a08                HAL_SPI_TxCpltCallback
 .text.HAL_SPI_ErrorCallback
                0x0000000008002a20        0x4 ./Core/Src/z_displ_ILI9XXX.o
                0x0000000008002a20                HAL_SPI_ErrorCallback
 .text.Displ_FillArea
                0x0000000008002a24       0xe0 ./Core/Src/z_displ_ILI9XXX.o
                0x0000000008002a24                Displ_FillArea
 .text.Displ_Pixel
                0x0000000008002b04       0x2c ./Core/Src/z_displ_ILI9XXX.o
                0x0000000008002b04                Displ_Pixel
 .text.Displ_CLS
                0x0000000008002b30       0x24 ./Core/Src/z_displ_ILI9XXX.o
                0x0000000008002b30                Displ_CLS
 .text.drawCircleHelper
                0x0000000008002b54      0x12e ./Core/Src/z_displ_ILI9XXX.o
                0x0000000008002b54                drawCircleHelper
 .text.Displ_Line
                0x0000000008002c82      0x158 ./Core/Src/z_displ_ILI9XXX.o
                0x0000000008002c82                Displ_Line
 .text.fillCircleHelper
                0x0000000008002dda      0x100 ./Core/Src/z_displ_ILI9XXX.o
                0x0000000008002dda                fillCircleHelper
 .text.Displ_Border
                0x0000000008002eda       0x68 ./Core/Src/z_displ_ILI9XXX.o
                0x0000000008002eda                Displ_Border
 *fill*         0x0000000008002f42        0x2 
 .text.Displ_WChar
                0x0000000008002f44      0x18c ./Core/Src/z_displ_ILI9XXX.o
                0x0000000008002f44                Displ_WChar
 .text.Displ_drawRoundRect
                0x00000000080030d0       0xd6 ./Core/Src/z_displ_ILI9XXX.o
                0x00000000080030d0                Displ_drawRoundRect
 .text.Displ_fillRoundRect
                0x00000000080031a6       0x92 ./Core/Src/z_displ_ILI9XXX.o
                0x00000000080031a6                Displ_fillRoundRect
 .text.Displ_WString
                0x0000000008003238       0x60 ./Core/Src/z_displ_ILI9XXX.o
                0x0000000008003238                Displ_WString
 .text.Displ_CString
                0x0000000008003298      0x140 ./Core/Src/z_displ_ILI9XXX.o
                0x0000000008003298                Displ_CString
 .text.Displ_BackLight
                0x00000000080033d8       0x3c ./Core/Src/z_displ_ILI9XXX.o
                0x00000000080033d8                Displ_BackLight
 .text.Touch_HandlePenDownInterrupt
                0x0000000008003414       0x18 ./Core/Src/z_touch_XPT2046.o
                0x0000000008003414                Touch_HandlePenDownInterrupt
 .text.HAL_GPIO_EXTI_Callback
                0x000000000800342c        0xc ./Core/Src/z_touch_XPT2046.o
                0x000000000800342c                HAL_GPIO_EXTI_Callback
 .text.InitMenu
                0x0000000008003438      0x22c ./Core/Src/z_touch_XPT2046_menu.o
                0x0000000008003438                InitMenu
 .text.DrawMenuItem
                0x0000000008003664       0x70 ./Core/Src/z_touch_XPT2046_menu.o
                0x0000000008003664                DrawMenuItem
 .text.DrawMenu
                0x00000000080036d4       0x24 ./Core/Src/z_touch_XPT2046_menu.o
                0x00000000080036d4                DrawMenu
 .text.UpdateMenuItem
                0x00000000080036f8       0xc6 ./Core/Src/z_touch_XPT2046_menu.o
                0x00000000080036f8                UpdateMenuItem
 *fill*         0x00000000080037be        0x2 
 .text.RunMenu3
                0x00000000080037c0      0x270 ./Core/Src/z_touch_XPT2046_menu.o
                0x00000000080037c0                RunMenu3
 .text.RunMenu1
                0x0000000008003a30      0x148 ./Core/Src/z_touch_XPT2046_menu.o
                0x0000000008003a30                RunMenu1
 .text.RunMenu2
                0x0000000008003b78      0x1dc ./Core/Src/z_touch_XPT2046_menu.o
                0x0000000008003b78                RunMenu2
 .text.callDrawMenu
                0x0000000008003d54       0x30 ./Core/Src/z_touch_XPT2046_menu.o
                0x0000000008003d54                callDrawMenu
 .text.Reset_Handler
                0x0000000008003d84       0x50 ./Core/Startup/startup_stm32f407vgtx.o
                0x0000000008003d84                Reset_Handler
 .text.Default_Handler
                0x0000000008003dd4        0x2 ./Core/Startup/startup_stm32f407vgtx.o
                0x0000000008003dd4                RTC_Alarm_IRQHandler
                0x0000000008003dd4                HASH_RNG_IRQHandler
                0x0000000008003dd4                EXTI2_IRQHandler
                0x0000000008003dd4                TIM8_CC_IRQHandler
                0x0000000008003dd4                TIM1_CC_IRQHandler
                0x0000000008003dd4                DMA2_Stream5_IRQHandler
                0x0000000008003dd4                PVD_IRQHandler
                0x0000000008003dd4                SDIO_IRQHandler
                0x0000000008003dd4                TAMP_STAMP_IRQHandler
                0x0000000008003dd4                CAN2_RX1_IRQHandler
                0x0000000008003dd4                EXTI3_IRQHandler
                0x0000000008003dd4                TIM8_TRG_COM_TIM14_IRQHandler
                0x0000000008003dd4                TIM1_UP_TIM10_IRQHandler
                0x0000000008003dd4                TIM8_UP_TIM13_IRQHandler
                0x0000000008003dd4                I2C3_ER_IRQHandler
                0x0000000008003dd4                EXTI0_IRQHandler
                0x0000000008003dd4                I2C2_EV_IRQHandler
                0x0000000008003dd4                DMA1_Stream2_IRQHandler
                0x0000000008003dd4                CAN1_RX0_IRQHandler
                0x0000000008003dd4                FPU_IRQHandler
                0x0000000008003dd4                OTG_HS_WKUP_IRQHandler
                0x0000000008003dd4                CAN2_SCE_IRQHandler
                0x0000000008003dd4                DMA2_Stream2_IRQHandler
                0x0000000008003dd4                SPI1_IRQHandler
                0x0000000008003dd4                TIM6_DAC_IRQHandler
                0x0000000008003dd4                TIM1_BRK_TIM9_IRQHandler
                0x0000000008003dd4                DCMI_IRQHandler
                0x0000000008003dd4                CAN2_RX0_IRQHandler
                0x0000000008003dd4                DMA2_Stream3_IRQHandler
                0x0000000008003dd4                USART6_IRQHandler
                0x0000000008003dd4                USART3_IRQHandler
                0x0000000008003dd4                CAN1_RX1_IRQHandler
                0x0000000008003dd4                UART5_IRQHandler
                0x0000000008003dd4                DMA2_Stream0_IRQHandler
                0x0000000008003dd4                TIM4_IRQHandler
                0x0000000008003dd4                I2C1_EV_IRQHandler
                0x0000000008003dd4                DMA1_Stream6_IRQHandler
                0x0000000008003dd4                DMA1_Stream1_IRQHandler
                0x0000000008003dd4                UART4_IRQHandler
                0x0000000008003dd4                TIM3_IRQHandler
                0x0000000008003dd4                RCC_IRQHandler
                0x0000000008003dd4                TIM8_BRK_TIM12_IRQHandler
                0x0000000008003dd4                Default_Handler
                0x0000000008003dd4                ADC_IRQHandler
                0x0000000008003dd4                DMA1_Stream7_IRQHandler
                0x0000000008003dd4                TIM7_IRQHandler
                0x0000000008003dd4                CAN2_TX_IRQHandler
                0x0000000008003dd4                TIM5_IRQHandler
                0x0000000008003dd4                DMA2_Stream7_IRQHandler
                0x0000000008003dd4                I2C3_EV_IRQHandler
                0x0000000008003dd4                RTC_WKUP_IRQHandler
                0x0000000008003dd4                ETH_WKUP_IRQHandler
                0x0000000008003dd4                OTG_HS_EP1_IN_IRQHandler
                0x0000000008003dd4                DMA1_Stream0_IRQHandler
                0x0000000008003dd4                CAN1_TX_IRQHandler
                0x0000000008003dd4                FSMC_IRQHandler
                0x0000000008003dd4                ETH_IRQHandler
                0x0000000008003dd4                OTG_HS_EP1_OUT_IRQHandler
                0x0000000008003dd4                WWDG_IRQHandler
                0x0000000008003dd4                TIM2_IRQHandler
                0x0000000008003dd4                OTG_FS_WKUP_IRQHandler
                0x0000000008003dd4                TIM1_TRG_COM_TIM11_IRQHandler
                0x0000000008003dd4                OTG_HS_IRQHandler
                0x0000000008003dd4                EXTI1_IRQHandler
                0x0000000008003dd4                USART2_IRQHandler
                0x0000000008003dd4                I2C2_ER_IRQHandler
                0x0000000008003dd4                DMA2_Stream1_IRQHandler
                0x0000000008003dd4                CAN1_SCE_IRQHandler
                0x0000000008003dd4                FLASH_IRQHandler
                0x0000000008003dd4                DMA2_Stream4_IRQHandler
                0x0000000008003dd4                USART1_IRQHandler
                0x0000000008003dd4                SPI3_IRQHandler
                0x0000000008003dd4                I2C1_ER_IRQHandler
                0x0000000008003dd4                DMA2_Stream6_IRQHandler
                0x0000000008003dd4                DMA1_Stream3_IRQHandler
 .text.cs43l22_SetFrequency
                0x0000000008003dd6        0x4 ./Drivers/BSP/Components/cs43l22/cs43l22.o
                0x0000000008003dd6                cs43l22_SetFrequency
 .text.cs43l22_Reset
                0x0000000008003dda        0x4 ./Drivers/BSP/Components/cs43l22/cs43l22.o
                0x0000000008003dda                cs43l22_Reset
 .text.cs43l22_SetVolume
                0x0000000008003dde       0x38 ./Drivers/BSP/Components/cs43l22/cs43l22.o
                0x0000000008003dde                cs43l22_SetVolume
 *fill*         0x0000000008003e16        0x2 
 .text.cs43l22_Init
                0x0000000008003e18       0xc8 ./Drivers/BSP/Components/cs43l22/cs43l22.o
                0x0000000008003e18                cs43l22_Init
 .text.cs43l22_SetOutputMode
                0x0000000008003ee0       0x4c ./Drivers/BSP/Components/cs43l22/cs43l22.o
                0x0000000008003ee0                cs43l22_SetOutputMode
 .text.cs43l22_DeInit
                0x0000000008003f2c        0x4 ./Drivers/BSP/Components/cs43l22/cs43l22.o
                0x0000000008003f2c                cs43l22_DeInit
 .text.cs43l22_ReadID
                0x0000000008003f30       0x16 ./Drivers/BSP/Components/cs43l22/cs43l22.o
                0x0000000008003f30                cs43l22_ReadID
 .text.cs43l22_SetMute.part.0
                0x0000000008003f46       0x28 ./Drivers/BSP/Components/cs43l22/cs43l22.o
 *fill*         0x0000000008003f6e        0x2 
 .text.cs43l22_SetMute
                0x0000000008003f70       0x3c ./Drivers/BSP/Components/cs43l22/cs43l22.o
                0x0000000008003f70                cs43l22_SetMute
 .text.cs43l22_Resume
                0x0000000008003fac       0x44 ./Drivers/BSP/Components/cs43l22/cs43l22.o
                0x0000000008003fac                cs43l22_Resume
 .text.cs43l22_Pause
                0x0000000008003ff0       0x16 ./Drivers/BSP/Components/cs43l22/cs43l22.o
                0x0000000008003ff0                cs43l22_Pause
 *fill*         0x0000000008004006        0x2 
 .text.cs43l22_Stop
                0x0000000008004008       0x30 ./Drivers/BSP/Components/cs43l22/cs43l22.o
                0x0000000008004008                cs43l22_Stop
 .text.cs43l22_Play
                0x0000000008004038       0x3c ./Drivers/BSP/Components/cs43l22/cs43l22.o
                0x0000000008004038                cs43l22_Play
 .text.I2Cx_Init
                0x0000000008004074       0xc0 ./Drivers/BSP/STM32F4-Discovery/stm32f4_discovery.o
 .text.AUDIO_IO_Init
                0x0000000008004134       0x64 ./Drivers/BSP/STM32F4-Discovery/stm32f4_discovery.o
                0x0000000008004134                AUDIO_IO_Init
 .text.AUDIO_IO_DeInit
                0x0000000008004198        0x2 ./Drivers/BSP/STM32F4-Discovery/stm32f4_discovery.o
                0x0000000008004198                AUDIO_IO_DeInit
 *fill*         0x000000000800419a        0x2 
 .text.AUDIO_IO_Write
                0x000000000800419c       0x3c ./Drivers/BSP/STM32F4-Discovery/stm32f4_discovery.o
                0x000000000800419c                AUDIO_IO_Write
 .text.AUDIO_IO_Read
                0x00000000080041d8       0x40 ./Drivers/BSP/STM32F4-Discovery/stm32f4_discovery.o
                0x00000000080041d8                AUDIO_IO_Read
 .text.I2S3_Init
                0x0000000008004218       0x3c ./Drivers/BSP/STM32F4-Discovery/stm32f4_discovery_audio.o
 .text.BSP_AUDIO_OUT_Play
                0x0000000008004254       0x3c ./Drivers/BSP/STM32F4-Discovery/stm32f4_discovery_audio.o
                0x0000000008004254                BSP_AUDIO_OUT_Play
 .text.BSP_AUDIO_OUT_ClockConfig
                0x0000000008004290       0x60 ./Drivers/BSP/STM32F4-Discovery/stm32f4_discovery_audio.o
                0x0000000008004290                BSP_AUDIO_OUT_ClockConfig
 .text.BSP_AUDIO_OUT_MspInit
                0x00000000080042f0      0x118 ./Drivers/BSP/STM32F4-Discovery/stm32f4_discovery_audio.o
                0x00000000080042f0                BSP_AUDIO_OUT_MspInit
 .text.BSP_AUDIO_OUT_Init
                0x0000000008004408       0x78 ./Drivers/BSP/STM32F4-Discovery/stm32f4_discovery_audio.o
                0x0000000008004408                BSP_AUDIO_OUT_Init
 .text.HAL_I2S_TxCpltCallback
                0x0000000008004480       0x14 ./Drivers/BSP/STM32F4-Discovery/stm32f4_discovery_audio.o
                0x0000000008004480                HAL_I2S_TxCpltCallback
 .text.HAL_I2S_TxHalfCpltCallback
                0x0000000008004494       0x14 ./Drivers/BSP/STM32F4-Discovery/stm32f4_discovery_audio.o
                0x0000000008004494                HAL_I2S_TxHalfCpltCallback
 .text.BSP_AUDIO_IN_TransferComplete_CallBack
                0x00000000080044a8        0x2 ./Drivers/BSP/STM32F4-Discovery/stm32f4_discovery_audio.o
                0x00000000080044a8                BSP_AUDIO_IN_TransferComplete_CallBack
 .text.HAL_I2S_RxCpltCallback
                0x00000000080044aa        0x8 ./Drivers/BSP/STM32F4-Discovery/stm32f4_discovery_audio.o
                0x00000000080044aa                HAL_I2S_RxCpltCallback
 .text.BSP_AUDIO_IN_Error_Callback
                0x00000000080044b2        0x2 ./Drivers/BSP/STM32F4-Discovery/stm32f4_discovery_audio.o
                0x00000000080044b2                BSP_AUDIO_IN_Error_Callback
 .text.HAL_I2S_ErrorCallback
                0x00000000080044b4       0x28 ./Drivers/BSP/STM32F4-Discovery/stm32f4_discovery_audio.o
                0x00000000080044b4                HAL_I2S_ErrorCallback
 .text.HAL_InitTick
                0x00000000080044dc       0x48 ./Drivers/STM32F4xx_HAL_Driver/Src/stm32f4xx_hal.o
                0x00000000080044dc                HAL_InitTick
 .text.HAL_Init
                0x0000000008004524       0x34 ./Drivers/STM32F4xx_HAL_Driver/Src/stm32f4xx_hal.o
                0x0000000008004524                HAL_Init
 .text.HAL_IncTick
                0x0000000008004558       0x18 ./Drivers/STM32F4xx_HAL_Driver/Src/stm32f4xx_hal.o
                0x0000000008004558                HAL_IncTick
 .text.HAL_GetTick
                0x0000000008004570        0xc ./Drivers/STM32F4xx_HAL_Driver/Src/stm32f4xx_hal.o
                0x0000000008004570                HAL_GetTick
 .text.HAL_Delay
                0x000000000800457c       0x28 ./Drivers/STM32F4xx_HAL_Driver/Src/stm32f4xx_hal.o
                0x000000000800457c                HAL_Delay
 .text.HAL_NVIC_SetPriorityGrouping
                0x00000000080045a4       0x24 ./Drivers/STM32F4xx_HAL_Driver/Src/stm32f4xx_hal_cortex.o
                0x00000000080045a4                HAL_NVIC_SetPriorityGrouping
 .text.HAL_NVIC_SetPriority
                0x00000000080045c8       0x64 ./Drivers/STM32F4xx_HAL_Driver/Src/stm32f4xx_hal_cortex.o
                0x00000000080045c8                HAL_NVIC_SetPriority
 .text.HAL_NVIC_EnableIRQ
                0x000000000800462c       0x1c ./Drivers/STM32F4xx_HAL_Driver/Src/stm32f4xx_hal_cortex.o
                0x000000000800462c                HAL_NVIC_EnableIRQ
 .text.HAL_SYSTICK_Config
                0x0000000008004648       0x28 ./Drivers/STM32F4xx_HAL_Driver/Src/stm32f4xx_hal_cortex.o
                0x0000000008004648                HAL_SYSTICK_Config
 .text.HAL_CRC_Init
                0x0000000008004670       0x20 ./Drivers/STM32F4xx_HAL_Driver/Src/stm32f4xx_hal_crc.o
                0x0000000008004670                HAL_CRC_Init
 .text.DMA_CalcBaseAndBitshift
                0x0000000008004690       0x2c ./Drivers/STM32F4xx_HAL_Driver/Src/stm32f4xx_hal_dma.o
 .text.HAL_DMA_Init
                0x00000000080046bc      0x100 ./Drivers/STM32F4xx_HAL_Driver/Src/stm32f4xx_hal_dma.o
                0x00000000080046bc                HAL_DMA_Init
 .text.HAL_DMA_DeInit
                0x00000000080047bc       0x54 ./Drivers/STM32F4xx_HAL_Driver/Src/stm32f4xx_hal_dma.o
                0x00000000080047bc                HAL_DMA_DeInit
 .text.HAL_DMA_Start_IT
                0x0000000008004810       0x74 ./Drivers/STM32F4xx_HAL_Driver/Src/stm32f4xx_hal_dma.o
                0x0000000008004810                HAL_DMA_Start_IT
 .text.HAL_DMA_Abort_IT
                0x0000000008004884       0x24 ./Drivers/STM32F4xx_HAL_Driver/Src/stm32f4xx_hal_dma.o
                0x0000000008004884                HAL_DMA_Abort_IT
 .text.HAL_DMA_IRQHandler
                0x00000000080048a8      0x17c ./Drivers/STM32F4xx_HAL_Driver/Src/stm32f4xx_hal_dma.o
                0x00000000080048a8                HAL_DMA_IRQHandler
 .text.HAL_GPIO_Init
                0x0000000008004a24      0x1b4 ./Drivers/STM32F4xx_HAL_Driver/Src/stm32f4xx_hal_gpio.o
                0x0000000008004a24                HAL_GPIO_Init
 .text.HAL_GPIO_DeInit
                0x0000000008004bd8      0x12c ./Drivers/STM32F4xx_HAL_Driver/Src/stm32f4xx_hal_gpio.o
                0x0000000008004bd8                HAL_GPIO_DeInit
 .text.HAL_GPIO_ReadPin
                0x0000000008004d04        0xc ./Drivers/STM32F4xx_HAL_Driver/Src/stm32f4xx_hal_gpio.o
                0x0000000008004d04                HAL_GPIO_ReadPin
 .text.HAL_GPIO_WritePin
                0x0000000008004d10        0xa ./Drivers/STM32F4xx_HAL_Driver/Src/stm32f4xx_hal_gpio.o
                0x0000000008004d10                HAL_GPIO_WritePin
 *fill*         0x0000000008004d1a        0x2 
 .text.HAL_GPIO_EXTI_IRQHandler
                0x0000000008004d1c       0x18 ./Drivers/STM32F4xx_HAL_Driver/Src/stm32f4xx_hal_gpio.o
                0x0000000008004d1c                HAL_GPIO_EXTI_IRQHandler
 .text.HAL_HCD_HC_Init
                0x0000000008004d34       0x6c ./Drivers/STM32F4xx_HAL_Driver/Src/stm32f4xx_hal_hcd.o
                0x0000000008004d34                HAL_HCD_HC_Init
 .text.HAL_HCD_HC_Halt
                0x0000000008004da0       0x24 ./Drivers/STM32F4xx_HAL_Driver/Src/stm32f4xx_hal_hcd.o
                0x0000000008004da0                HAL_HCD_HC_Halt
 .text.HAL_HCD_Init
                0x0000000008004dc4       0x98 ./Drivers/STM32F4xx_HAL_Driver/Src/stm32f4xx_hal_hcd.o
                0x0000000008004dc4                HAL_HCD_Init
 .text.HAL_HCD_HC_SubmitRequest
                0x0000000008004e5c       0xc8 ./Drivers/STM32F4xx_HAL_Driver/Src/stm32f4xx_hal_hcd.o
                0x0000000008004e5c                HAL_HCD_HC_SubmitRequest
 .text.HAL_HCD_IRQHandler
                0x0000000008004f24      0x5e4 ./Drivers/STM32F4xx_HAL_Driver/Src/stm32f4xx_hal_hcd.o
                0x0000000008004f24                HAL_HCD_IRQHandler
 .text.HAL_HCD_Start
                0x0000000008005508       0x2a ./Drivers/STM32F4xx_HAL_Driver/Src/stm32f4xx_hal_hcd.o
                0x0000000008005508                HAL_HCD_Start
 .text.HAL_HCD_Stop
                0x0000000008005532       0x24 ./Drivers/STM32F4xx_HAL_Driver/Src/stm32f4xx_hal_hcd.o
                0x0000000008005532                HAL_HCD_Stop
 .text.HAL_HCD_ResetPort
                0x0000000008005556        0x6 ./Drivers/STM32F4xx_HAL_Driver/Src/stm32f4xx_hal_hcd.o
                0x0000000008005556                HAL_HCD_ResetPort
 .text.HAL_HCD_HC_GetURBState
                0x000000000800555c        0xc ./Drivers/STM32F4xx_HAL_Driver/Src/stm32f4xx_hal_hcd.o
                0x000000000800555c                HAL_HCD_HC_GetURBState
 .text.HAL_HCD_HC_GetXferCount
                0x0000000008005568        0xa ./Drivers/STM32F4xx_HAL_Driver/Src/stm32f4xx_hal_hcd.o
                0x0000000008005568                HAL_HCD_HC_GetXferCount
 .text.HAL_HCD_GetCurrentFrame
                0x0000000008005572        0x6 ./Drivers/STM32F4xx_HAL_Driver/Src/stm32f4xx_hal_hcd.o
                0x0000000008005572                HAL_HCD_GetCurrentFrame
 .text.HAL_HCD_GetCurrentSpeed
                0x0000000008005578        0x6 ./Drivers/STM32F4xx_HAL_Driver/Src/stm32f4xx_hal_hcd.o
                0x0000000008005578                HAL_HCD_GetCurrentSpeed
 .text.I2C_IsAcknowledgeFailed
                0x000000000800557e       0x34 ./Drivers/STM32F4xx_HAL_Driver/Src/stm32f4xx_hal_i2c.o
 .text.I2C_WaitOnFlagUntilTimeout
                0x00000000080055b2       0x64 ./Drivers/STM32F4xx_HAL_Driver/Src/stm32f4xx_hal_i2c.o
 .text.I2C_WaitOnMasterAddressFlagUntilTimeout
                0x0000000008005616       0x76 ./Drivers/STM32F4xx_HAL_Driver/Src/stm32f4xx_hal_i2c.o
 .text.I2C_WaitOnRXNEFlagUntilTimeout
                0x000000000800568c       0x5e ./Drivers/STM32F4xx_HAL_Driver/Src/stm32f4xx_hal_i2c.o
 .text.I2C_WaitOnBTFFlagUntilTimeout
                0x00000000080056ea       0x4c ./Drivers/STM32F4xx_HAL_Driver/Src/stm32f4xx_hal_i2c.o
 .text.I2C_WaitOnTXEFlagUntilTimeout
                0x0000000008005736       0x4c ./Drivers/STM32F4xx_HAL_Driver/Src/stm32f4xx_hal_i2c.o
 *fill*         0x0000000008005782        0x2 
 .text.I2C_RequestMemoryWrite
                0x0000000008005784       0xb0 ./Drivers/STM32F4xx_HAL_Driver/Src/stm32f4xx_hal_i2c.o
 .text.I2C_RequestMemoryRead
                0x0000000008005834      0x104 ./Drivers/STM32F4xx_HAL_Driver/Src/stm32f4xx_hal_i2c.o
 .text.HAL_I2C_Init
                0x0000000008005938      0x150 ./Drivers/STM32F4xx_HAL_Driver/Src/stm32f4xx_hal_i2c.o
                0x0000000008005938                HAL_I2C_Init
 .text.HAL_I2C_DeInit
                0x0000000008005a88       0x32 ./Drivers/STM32F4xx_HAL_Driver/Src/stm32f4xx_hal_i2c.o
                0x0000000008005a88                HAL_I2C_DeInit
 *fill*         0x0000000008005aba        0x2 
 .text.HAL_I2C_Mem_Write
                0x0000000008005abc      0x120 ./Drivers/STM32F4xx_HAL_Driver/Src/stm32f4xx_hal_i2c.o
                0x0000000008005abc                HAL_I2C_Mem_Write
 .text.HAL_I2C_Mem_Read
                0x0000000008005bdc      0x210 ./Drivers/STM32F4xx_HAL_Driver/Src/stm32f4xx_hal_i2c.o
                0x0000000008005bdc                HAL_I2C_Mem_Read
 .text.HAL_I2C_GetState
                0x0000000008005dec        0x6 ./Drivers/STM32F4xx_HAL_Driver/Src/stm32f4xx_hal_i2c.o
                0x0000000008005dec                HAL_I2C_GetState
 *fill*         0x0000000008005df2        0x2 
 .text.HAL_I2S_Init
                0x0000000008005df4      0x134 ./Drivers/STM32F4xx_HAL_Driver/Src/stm32f4xx_hal_i2s.o
                0x0000000008005df4                HAL_I2S_Init
 .text.HAL_I2S_Transmit_DMA
                0x0000000008005f28       0xc8 ./Drivers/STM32F4xx_HAL_Driver/Src/stm32f4xx_hal_i2s.o
                0x0000000008005f28                HAL_I2S_Transmit_DMA
 .text.I2S_DMATxHalfCplt
                0x0000000008005ff0        0xa ./Drivers/STM32F4xx_HAL_Driver/Src/stm32f4xx_hal_i2s.o
 .text.I2S_DMATxCplt
                0x0000000008005ffa       0x22 ./Drivers/STM32F4xx_HAL_Driver/Src/stm32f4xx_hal_i2s.o
 .text.I2S_IRQHandler
                0x000000000800601c       0xfa ./Drivers/STM32F4xx_HAL_Driver/Src/stm32f4xx_hal_i2s.o
 .text.I2S_DMAError
                0x0000000008006116       0x28 ./Drivers/STM32F4xx_HAL_Driver/Src/stm32f4xx_hal_i2s.o
 .text.HAL_I2S_GetState
                0x000000000800613e        0x6 ./Drivers/STM32F4xx_HAL_Driver/Src/stm32f4xx_hal_i2s.o
                0x000000000800613e                HAL_I2S_GetState
 .text.HAL_I2SEx_TxRxCpltCallback
                0x0000000008006144        0x2 ./Drivers/STM32F4xx_HAL_Driver/Src/stm32f4xx_hal_i2s_ex.o
                0x0000000008006144                HAL_I2SEx_TxRxCpltCallback
 *fill*         0x0000000008006146        0x2 
 .text.HAL_I2SEx_FullDuplex_IRQHandler
                0x0000000008006148      0x248 ./Drivers/STM32F4xx_HAL_Driver/Src/stm32f4xx_hal_i2s_ex.o
                0x0000000008006148                HAL_I2SEx_FullDuplex_IRQHandler
 .text.HAL_RCC_OscConfig
                0x0000000008006390      0x360 ./Drivers/STM32F4xx_HAL_Driver/Src/stm32f4xx_hal_rcc.o
                0x0000000008006390                HAL_RCC_OscConfig
 .text.HAL_RCC_GetSysClockFreq
                0x00000000080066f0       0x5c ./Drivers/STM32F4xx_HAL_Driver/Src/stm32f4xx_hal_rcc.o
                0x00000000080066f0                HAL_RCC_GetSysClockFreq
 .text.HAL_RCC_ClockConfig
                0x000000000800674c      0x138 ./Drivers/STM32F4xx_HAL_Driver/Src/stm32f4xx_hal_rcc.o
                0x000000000800674c                HAL_RCC_ClockConfig
 .text.HAL_RCC_GetPCLK1Freq
                0x0000000008006884       0x20 ./Drivers/STM32F4xx_HAL_Driver/Src/stm32f4xx_hal_rcc.o
                0x0000000008006884                HAL_RCC_GetPCLK1Freq
 .text.HAL_RCC_GetPCLK2Freq
                0x00000000080068a4       0x20 ./Drivers/STM32F4xx_HAL_Driver/Src/stm32f4xx_hal_rcc.o
                0x00000000080068a4                HAL_RCC_GetPCLK2Freq
 .text.HAL_RCCEx_PeriphCLKConfig
                0x00000000080068c4      0x130 ./Drivers/STM32F4xx_HAL_Driver/Src/stm32f4xx_hal_rcc_ex.o
                0x00000000080068c4                HAL_RCCEx_PeriphCLKConfig
 .text.HAL_RCCEx_GetPeriphCLKConfig
                0x00000000080069f4       0x30 ./Drivers/STM32F4xx_HAL_Driver/Src/stm32f4xx_hal_rcc_ex.o
                0x00000000080069f4                HAL_RCCEx_GetPeriphCLKConfig
 .text.HAL_RCCEx_GetPeriphCLKFreq
                0x0000000008006a24       0x4c ./Drivers/STM32F4xx_HAL_Driver/Src/stm32f4xx_hal_rcc_ex.o
                0x0000000008006a24                HAL_RCCEx_GetPeriphCLKFreq
 .text.SPI_WaitFlagStateUntilTimeout.constprop.0
                0x0000000008006a70       0xa8 ./Drivers/STM32F4xx_HAL_Driver/Src/stm32f4xx_hal_spi.o
 .text.SPI_EndRxTxTransaction
                0x0000000008006b18       0x58 ./Drivers/STM32F4xx_HAL_Driver/Src/stm32f4xx_hal_spi.o
 .text.HAL_SPI_Init
                0x0000000008006b70       0xb8 ./Drivers/STM32F4xx_HAL_Driver/Src/stm32f4xx_hal_spi.o
                0x0000000008006b70                HAL_SPI_Init
 .text.HAL_SPI_Transmit
                0x0000000008006c28      0x15c ./Drivers/STM32F4xx_HAL_Driver/Src/stm32f4xx_hal_spi.o
                0x0000000008006c28                HAL_SPI_Transmit
 .text.HAL_SPI_Transmit_DMA
                0x0000000008006d84       0xc8 ./Drivers/STM32F4xx_HAL_Driver/Src/stm32f4xx_hal_spi.o
                0x0000000008006d84                HAL_SPI_Transmit_DMA
 .text.HAL_SPI_TxHalfCpltCallback
                0x0000000008006e4c        0x2 ./Drivers/STM32F4xx_HAL_Driver/Src/stm32f4xx_hal_spi.o
                0x0000000008006e4c                HAL_SPI_TxHalfCpltCallback
 .text.SPI_DMAHalfTransmitCplt
                0x0000000008006e4e        0xa ./Drivers/STM32F4xx_HAL_Driver/Src/stm32f4xx_hal_spi.o
 .text.SPI_DMAError
                0x0000000008006e58       0x22 ./Drivers/STM32F4xx_HAL_Driver/Src/stm32f4xx_hal_spi.o
 .text.SPI_DMATransmitCplt
                0x0000000008006e7a       0x6a ./Drivers/STM32F4xx_HAL_Driver/Src/stm32f4xx_hal_spi.o
 .text.HAL_SPI_IRQHandler
                0x0000000008006ee4      0x10c ./Drivers/STM32F4xx_HAL_Driver/Src/stm32f4xx_hal_spi.o
                0x0000000008006ee4                HAL_SPI_IRQHandler
 .text.SPI_DMAAbortOnError
                0x0000000008006ff0       0x10 ./Drivers/STM32F4xx_HAL_Driver/Src/stm32f4xx_hal_spi.o
 .text.TIM_OC1_SetConfig
                0x0000000008007000       0x64 ./Drivers/STM32F4xx_HAL_Driver/Src/stm32f4xx_hal_tim.o
 .text.TIM_OC3_SetConfig
                0x0000000008007064       0x6c ./Drivers/STM32F4xx_HAL_Driver/Src/stm32f4xx_hal_tim.o
 .text.TIM_OC4_SetConfig
                0x00000000080070d0       0x4c ./Drivers/STM32F4xx_HAL_Driver/Src/stm32f4xx_hal_tim.o
 .text.TIM_Base_SetConfig
                0x000000000800711c       0xcc ./Drivers/STM32F4xx_HAL_Driver/Src/stm32f4xx_hal_tim.o
                0x000000000800711c                TIM_Base_SetConfig
 .text.HAL_TIM_PWM_Init
                0x00000000080071e8       0x58 ./Drivers/STM32F4xx_HAL_Driver/Src/stm32f4xx_hal_tim.o
                0x00000000080071e8                HAL_TIM_PWM_Init
 .text.TIM_OC2_SetConfig
                0x0000000008007240       0x6c ./Drivers/STM32F4xx_HAL_Driver/Src/stm32f4xx_hal_tim.o
                0x0000000008007240                TIM_OC2_SetConfig
 .text.HAL_TIM_PWM_ConfigChannel
                0x00000000080072ac       0xb8 ./Drivers/STM32F4xx_HAL_Driver/Src/stm32f4xx_hal_tim.o
                0x00000000080072ac                HAL_TIM_PWM_ConfigChannel
 .text.HAL_TIMEx_MasterConfigSynchronization
                0x0000000008007364       0x7c ./Drivers/STM32F4xx_HAL_Driver/Src/stm32f4xx_hal_tim_ex.o
                0x0000000008007364                HAL_TIMEx_MasterConfigSynchronization
 .text.UART_SetConfig
                0x00000000080073e0       0xbc ./Drivers/STM32F4xx_HAL_Driver/Src/stm32f4xx_hal_uart.o
 .text.HAL_UART_Init
                0x000000000800749c       0x5c ./Drivers/STM32F4xx_HAL_Driver/Src/stm32f4xx_hal_uart.o
                0x000000000800749c                HAL_UART_Init
 .text.USB_CoreReset
                0x00000000080074f8       0x4c ./Drivers/STM32F4xx_HAL_Driver/Src/stm32f4xx_ll_usb.o
 .text.USB_CoreInit
                0x0000000008007544       0x80 ./Drivers/STM32F4xx_HAL_Driver/Src/stm32f4xx_ll_usb.o
                0x0000000008007544                USB_CoreInit
 .text.USB_EnableGlobalInt
                0x00000000080075c4        0xc ./Drivers/STM32F4xx_HAL_Driver/Src/stm32f4xx_ll_usb.o
                0x00000000080075c4                USB_EnableGlobalInt
 .text.USB_DisableGlobalInt
                0x00000000080075d0        0xc ./Drivers/STM32F4xx_HAL_Driver/Src/stm32f4xx_ll_usb.o
                0x00000000080075d0                USB_DisableGlobalInt
 .text.USB_SetCurrentMode
                0x00000000080075dc       0x60 ./Drivers/STM32F4xx_HAL_Driver/Src/stm32f4xx_ll_usb.o
                0x00000000080075dc                USB_SetCurrentMode
 .text.USB_FlushTxFifo
                0x000000000800763c       0x4c ./Drivers/STM32F4xx_HAL_Driver/Src/stm32f4xx_ll_usb.o
                0x000000000800763c                USB_FlushTxFifo
 .text.USB_FlushRxFifo
                0x0000000008007688       0x48 ./Drivers/STM32F4xx_HAL_Driver/Src/stm32f4xx_ll_usb.o
                0x0000000008007688                USB_FlushRxFifo
 .text.USB_WritePacket
                0x00000000080076d0       0x26 ./Drivers/STM32F4xx_HAL_Driver/Src/stm32f4xx_ll_usb.o
                0x00000000080076d0                USB_WritePacket
 .text.USB_ReadPacket
                0x00000000080076f6       0x40 ./Drivers/STM32F4xx_HAL_Driver/Src/stm32f4xx_ll_usb.o
                0x00000000080076f6                USB_ReadPacket
 .text.USB_ReadInterrupts
                0x0000000008007736        0x8 ./Drivers/STM32F4xx_HAL_Driver/Src/stm32f4xx_ll_usb.o
                0x0000000008007736                USB_ReadInterrupts
 .text.USB_GetMode
                0x000000000800773e        0x8 ./Drivers/STM32F4xx_HAL_Driver/Src/stm32f4xx_ll_usb.o
                0x000000000800773e                USB_GetMode
 *fill*         0x0000000008007746        0x2 
 .text.USB_HostInit
                0x0000000008007748       0xd8 ./Drivers/STM32F4xx_HAL_Driver/Src/stm32f4xx_ll_usb.o
                0x0000000008007748                USB_HostInit
 .text.USB_InitFSLSPClkSel
                0x0000000008007820       0x38 ./Drivers/STM32F4xx_HAL_Driver/Src/stm32f4xx_ll_usb.o
                0x0000000008007820                USB_InitFSLSPClkSel
 .text.USB_ResetPort
                0x0000000008007858       0x3c ./Drivers/STM32F4xx_HAL_Driver/Src/stm32f4xx_ll_usb.o
                0x0000000008007858                USB_ResetPort
 .text.USB_DriveVbus
                0x0000000008007894       0x40 ./Drivers/STM32F4xx_HAL_Driver/Src/stm32f4xx_ll_usb.o
                0x0000000008007894                USB_DriveVbus
 .text.USB_GetHostSpeed
                0x00000000080078d4       0x16 ./Drivers/STM32F4xx_HAL_Driver/Src/stm32f4xx_ll_usb.o
                0x00000000080078d4                USB_GetHostSpeed
 .text.USB_GetCurrentFrame
                0x00000000080078ea        0xa ./Drivers/STM32F4xx_HAL_Driver/Src/stm32f4xx_ll_usb.o
                0x00000000080078ea                USB_GetCurrentFrame
 .text.USB_HC_Init
                0x00000000080078f4      0x114 ./Drivers/STM32F4xx_HAL_Driver/Src/stm32f4xx_ll_usb.o
                0x00000000080078f4                USB_HC_Init
 .text.USB_HC_ReadInterrupt
                0x0000000008007a08        0xa ./Drivers/STM32F4xx_HAL_Driver/Src/stm32f4xx_ll_usb.o
                0x0000000008007a08                USB_HC_ReadInterrupt
 .text.USB_HC_Halt
                0x0000000008007a12       0xb8 ./Drivers/STM32F4xx_HAL_Driver/Src/stm32f4xx_ll_usb.o
                0x0000000008007a12                USB_HC_Halt
 *fill*         0x0000000008007aca        0x2 
 .text.USB_DoPing
                0x0000000008007acc       0x24 ./Drivers/STM32F4xx_HAL_Driver/Src/stm32f4xx_ll_usb.o
                0x0000000008007acc                USB_DoPing
 .text.USB_HC_StartXfer
                0x0000000008007af0      0x14e ./Drivers/STM32F4xx_HAL_Driver/Src/stm32f4xx_ll_usb.o
                0x0000000008007af0                USB_HC_StartXfer
 .text.USB_StopHost
                0x0000000008007c3e       0x80 ./Drivers/STM32F4xx_HAL_Driver/Src/stm32f4xx_ll_usb.o
                0x0000000008007c3e                USB_StopHost
 .text.USBH_MIDI_ClassRequest
                0x0000000008007cbe        0xe ./Drivers/USBH_midi_class/Src/usbh_MIDI.o
 .text.USBH_MIDI_SOFProcess
                0x0000000008007ccc        0x4 ./Drivers/USBH_midi_class/Src/usbh_MIDI.o
 .text.USBH_MIDI_InterfaceDeInit
                0x0000000008007cd0       0x4c ./Drivers/USBH_midi_class/Src/usbh_MIDI.o
 .text.USBH_MIDI_InterfaceInit
                0x0000000008007d1c       0xe2 ./Drivers/USBH_midi_class/Src/usbh_MIDI.o
 .text.USBH_MIDI_GetLastReceivedDataSize
                0x0000000008007dfe       0x1c ./Drivers/USBH_midi_class/Src/usbh_MIDI.o
                0x0000000008007dfe                USBH_MIDI_GetLastReceivedDataSize
 .text.USBH_MIDI_Receive
                0x0000000008007e1a       0x1e ./Drivers/USBH_midi_class/Src/usbh_MIDI.o
                0x0000000008007e1a                USBH_MIDI_Receive
 .text.USBH_MIDI_TransmitCallback
                0x0000000008007e38        0x2 ./Drivers/USBH_midi_class/Src/usbh_MIDI.o
                0x0000000008007e38                USBH_MIDI_TransmitCallback
 .text.USBH_MIDI_Process
                0x0000000008007e3a       0xe8 ./Drivers/USBH_midi_class/Src/usbh_MIDI.o
 .text.DeInitStateMachine.isra.0
                0x0000000008007f22       0x3c ./Middlewares/ST/STM32_USB_Host_Library/Core/Src/usbh_core.o
 .text.USBH_Init
                0x0000000008007f5e       0x3e ./Middlewares/ST/STM32_USB_Host_Library/Core/Src/usbh_core.o
                0x0000000008007f5e                USBH_Init
 .text.USBH_RegisterClass
                0x0000000008007f9c       0x1a ./Middlewares/ST/STM32_USB_Host_Library/Core/Src/usbh_core.o
                0x0000000008007f9c                USBH_RegisterClass
 .text.USBH_SelectInterface
                0x0000000008007fb6       0x12 ./Middlewares/ST/STM32_USB_Host_Library/Core/Src/usbh_core.o
                0x0000000008007fb6                USBH_SelectInterface
 .text.USBH_FindInterface
                0x0000000008007fc8       0x3a ./Middlewares/ST/STM32_USB_Host_Library/Core/Src/usbh_core.o
                0x0000000008007fc8                USBH_FindInterface
 .text.USBH_Start
                0x0000000008008002       0x14 ./Middlewares/ST/STM32_USB_Host_Library/Core/Src/usbh_core.o
                0x0000000008008002                USBH_Start
 .text.USBH_Process
                0x0000000008008016      0x3d0 ./Middlewares/ST/STM32_USB_Host_Library/Core/Src/usbh_core.o
                0x0000000008008016                USBH_Process
 .text.USBH_LL_SetTimer
                0x00000000080083e6        0x6 ./Middlewares/ST/STM32_USB_Host_Library/Core/Src/usbh_core.o
                0x00000000080083e6                USBH_LL_SetTimer
 .text.USBH_LL_IncTimer
                0x00000000080083ec       0x1c ./Middlewares/ST/STM32_USB_Host_Library/Core/Src/usbh_core.o
                0x00000000080083ec                USBH_LL_IncTimer
 .text.USBH_LL_PortEnabled
                0x0000000008008408        0x8 ./Middlewares/ST/STM32_USB_Host_Library/Core/Src/usbh_core.o
                0x0000000008008408                USBH_LL_PortEnabled
 .text.USBH_LL_PortDisabled
                0x0000000008008410        0x8 ./Middlewares/ST/STM32_USB_Host_Library/Core/Src/usbh_core.o
                0x0000000008008410                USBH_LL_PortDisabled
 .text.USBH_LL_Connect
                0x0000000008008418       0x14 ./Middlewares/ST/STM32_USB_Host_Library/Core/Src/usbh_core.o
                0x0000000008008418                USBH_LL_Connect
 .text.USBH_LL_Disconnect
                0x000000000800842c       0x2c ./Middlewares/ST/STM32_USB_Host_Library/Core/Src/usbh_core.o
                0x000000000800842c                USBH_LL_Disconnect
 .text.USBH_CtlReq
                0x0000000008008458      0x176 ./Middlewares/ST/STM32_USB_Host_Library/Core/Src/usbh_ctlreq.o
                0x0000000008008458                USBH_CtlReq
 .text.USBH_GetDescriptor
                0x00000000080085ce       0x38 ./Middlewares/ST/STM32_USB_Host_Library/Core/Src/usbh_ctlreq.o
                0x00000000080085ce                USBH_GetDescriptor
 .text.USBH_Get_DevDesc
                0x0000000008008606       0x90 ./Middlewares/ST/STM32_USB_Host_Library/Core/Src/usbh_ctlreq.o
                0x0000000008008606                USBH_Get_DevDesc
 .text.USBH_Get_CfgDesc
                0x0000000008008696      0x118 ./Middlewares/ST/STM32_USB_Host_Library/Core/Src/usbh_ctlreq.o
                0x0000000008008696                USBH_Get_CfgDesc
 .text.USBH_Get_StringDesc
                0x00000000080087ae       0x4e ./Middlewares/ST/STM32_USB_Host_Library/Core/Src/usbh_ctlreq.o
                0x00000000080087ae                USBH_Get_StringDesc
 .text.USBH_SetAddress
                0x00000000080087fc       0x1a ./Middlewares/ST/STM32_USB_Host_Library/Core/Src/usbh_ctlreq.o
                0x00000000080087fc                USBH_SetAddress
 .text.USBH_SetCfg
                0x0000000008008816       0x1a ./Middlewares/ST/STM32_USB_Host_Library/Core/Src/usbh_ctlreq.o
                0x0000000008008816                USBH_SetCfg
 .text.USBH_SetFeature
                0x0000000008008830       0x1a ./Middlewares/ST/STM32_USB_Host_Library/Core/Src/usbh_ctlreq.o
                0x0000000008008830                USBH_SetFeature
 .text.USBH_ClrFeature
                0x000000000800884a       0x1a ./Middlewares/ST/STM32_USB_Host_Library/Core/Src/usbh_ctlreq.o
                0x000000000800884a                USBH_ClrFeature
 .text.USBH_CtlSendSetup
                0x0000000008008864       0x20 ./Middlewares/ST/STM32_USB_Host_Library/Core/Src/usbh_ioreq.o
                0x0000000008008864                USBH_CtlSendSetup
 .text.USBH_CtlSendData
                0x0000000008008884       0x2e ./Middlewares/ST/STM32_USB_Host_Library/Core/Src/usbh_ioreq.o
                0x0000000008008884                USBH_CtlSendData
 .text.USBH_CtlReceiveData
                0x00000000080088b2       0x20 ./Middlewares/ST/STM32_USB_Host_Library/Core/Src/usbh_ioreq.o
                0x00000000080088b2                USBH_CtlReceiveData
 .text.USBH_BulkSendData
                0x00000000080088d2       0x2e ./Middlewares/ST/STM32_USB_Host_Library/Core/Src/usbh_ioreq.o
                0x00000000080088d2                USBH_BulkSendData
 .text.USBH_BulkReceiveData
                0x0000000008008900       0x20 ./Middlewares/ST/STM32_USB_Host_Library/Core/Src/usbh_ioreq.o
                0x0000000008008900                USBH_BulkReceiveData
 .text.USBH_OpenPipe
                0x0000000008008920       0x1e ./Middlewares/ST/STM32_USB_Host_Library/Core/Src/usbh_pipes.o
                0x0000000008008920                USBH_OpenPipe
 .text.USBH_ClosePipe
                0x000000000800893e        0xa ./Middlewares/ST/STM32_USB_Host_Library/Core/Src/usbh_pipes.o
                0x000000000800893e                USBH_ClosePipe
 .text.USBH_AllocPipe
                0x0000000008008948       0x30 ./Middlewares/ST/STM32_USB_Host_Library/Core/Src/usbh_pipes.o
                0x0000000008008948                USBH_AllocPipe
 .text.USBH_FreePipe
                0x0000000008008978       0x1c ./Middlewares/ST/STM32_USB_Host_Library/Core/Src/usbh_pipes.o
                0x0000000008008978                USBH_FreePipe
 .text.USBH_UserProcess
                0x0000000008008994       0x24 ./USB_HOST/App/usb_host.o
 .text.MX_USB_HOST_Init
                0x00000000080089b8       0x40 ./USB_HOST/App/usb_host.o
                0x00000000080089b8                MX_USB_HOST_Init
 .text.MX_USB_HOST_Process
                0x00000000080089f8        0xc ./USB_HOST/App/usb_host.o
                0x00000000080089f8                MX_USB_HOST_Process
 .text.HAL_HCD_MspInit
                0x0000000008008a04       0xa8 ./USB_HOST/Target/usbh_conf.o
                0x0000000008008a04                HAL_HCD_MspInit
 .text.HAL_HCD_SOF_Callback
                0x0000000008008aac        0x8 ./USB_HOST/Target/usbh_conf.o
                0x0000000008008aac                HAL_HCD_SOF_Callback
 .text.HAL_HCD_Connect_Callback
                0x0000000008008ab4        0x8 ./USB_HOST/Target/usbh_conf.o
                0x0000000008008ab4                HAL_HCD_Connect_Callback
 .text.HAL_HCD_Disconnect_Callback
                0x0000000008008abc        0x8 ./USB_HOST/Target/usbh_conf.o
                0x0000000008008abc                HAL_HCD_Disconnect_Callback
 .text.HAL_HCD_HC_NotifyURBChange_Callback
                0x0000000008008ac4        0x2 ./USB_HOST/Target/usbh_conf.o
                0x0000000008008ac4                HAL_HCD_HC_NotifyURBChange_Callback
 .text.HAL_HCD_PortEnabled_Callback
                0x0000000008008ac6        0x8 ./USB_HOST/Target/usbh_conf.o
                0x0000000008008ac6                HAL_HCD_PortEnabled_Callback
 .text.HAL_HCD_PortDisabled_Callback
                0x0000000008008ace        0x8 ./USB_HOST/Target/usbh_conf.o
                0x0000000008008ace                HAL_HCD_PortDisabled_Callback
 *fill*         0x0000000008008ad6        0x2 
 .text.USBH_LL_Init
                0x0000000008008ad8       0x4c ./USB_HOST/Target/usbh_conf.o
                0x0000000008008ad8                USBH_LL_Init
 .text.USBH_LL_GetSpeed
                0x0000000008008b24       0x14 ./USB_HOST/Target/usbh_conf.o
                0x0000000008008b24                USBH_LL_GetSpeed
 .text.USBH_LL_GetLastXferSize
                0x0000000008008b38        0x8 ./USB_HOST/Target/usbh_conf.o
                0x0000000008008b38                USBH_LL_GetLastXferSize
 .text.USBH_LL_GetURBState
                0x0000000008008b40        0x8 ./USB_HOST/Target/usbh_conf.o
                0x0000000008008b40                USBH_LL_GetURBState
 .text.USBH_LL_DriverVBUS
                0x0000000008008b48       0x1a ./USB_HOST/Target/usbh_conf.o
                0x0000000008008b48                USBH_LL_DriverVBUS
 .text.USBH_LL_SetToggle
                0x0000000008008b62       0x1e ./USB_HOST/Target/usbh_conf.o
                0x0000000008008b62                USBH_LL_SetToggle
 .text.USBH_Delay
                0x0000000008008b80        0x4 ./USB_HOST/Target/usbh_conf.o
                0x0000000008008b80                USBH_Delay
 .text.USBH_Get_USB_Status
                0x0000000008008b84       0x10 ./USB_HOST/Target/usbh_conf.o
                0x0000000008008b84                USBH_Get_USB_Status
 .text.USBH_LL_Start
                0x0000000008008b94       0x12 ./USB_HOST/Target/usbh_conf.o
                0x0000000008008b94                USBH_LL_Start
 .text.USBH_LL_Stop
                0x0000000008008ba6       0x12 ./USB_HOST/Target/usbh_conf.o
                0x0000000008008ba6                USBH_LL_Stop
 .text.USBH_LL_ResetPort
                0x0000000008008bb8       0x12 ./USB_HOST/Target/usbh_conf.o
                0x0000000008008bb8                USBH_LL_ResetPort
 .text.USBH_LL_OpenPipe
                0x0000000008008bca       0x26 ./USB_HOST/Target/usbh_conf.o
                0x0000000008008bca                USBH_LL_OpenPipe
 .text.USBH_LL_ClosePipe
                0x0000000008008bf0       0x12 ./USB_HOST/Target/usbh_conf.o
                0x0000000008008bf0                USBH_LL_ClosePipe
 .text.USBH_LL_SubmitURB
                0x0000000008008c02       0x2a ./USB_HOST/Target/usbh_conf.o
                0x0000000008008c02                USBH_LL_SubmitURB
 .text.MX_DriverVbusFS
                0x0000000008008c2c       0x14 ./USB_HOST/Target/usbh_platform.o
                0x0000000008008c2c                MX_DriverVbusFS
 .text.sin      0x0000000008008c40       0xb0 c:/st/stm32cubeide_1.9.0/stm32cubeide/plugins/com.st.stm32cube.ide.mcu.externaltools.gnu-tools-for-stm32.10.3-2021.10.win32_1.0.0.202111181127/tools/bin/../lib/gcc/arm-none-eabi/10.3.1/../../../../arm-none-eabi/lib/thumb/v7e-m+fp/hard\libm.a(lib_a-s_sin.o)
                0x0000000008008c40                sin
 .text.cosf     0x0000000008008cf0       0x88 c:/st/stm32cubeide_1.9.0/stm32cubeide/plugins/com.st.stm32cube.ide.mcu.externaltools.gnu-tools-for-stm32.10.3-2021.10.win32_1.0.0.202111181127/tools/bin/../lib/gcc/arm-none-eabi/10.3.1/../../../../arm-none-eabi/lib/thumb/v7e-m+fp/hard\libm.a(lib_a-sf_cos.o)
                0x0000000008008cf0                cosf
 .text.sinf     0x0000000008008d78       0x8c c:/st/stm32cubeide_1.9.0/stm32cubeide/plugins/com.st.stm32cube.ide.mcu.externaltools.gnu-tools-for-stm32.10.3-2021.10.win32_1.0.0.202111181127/tools/bin/../lib/gcc/arm-none-eabi/10.3.1/../../../../arm-none-eabi/lib/thumb/v7e-m+fp/hard\libm.a(lib_a-sf_sin.o)
                0x0000000008008d78                sinf
 .text.pow      0x0000000008008e04       0xe0 c:/st/stm32cubeide_1.9.0/stm32cubeide/plugins/com.st.stm32cube.ide.mcu.externaltools.gnu-tools-for-stm32.10.3-2021.10.win32_1.0.0.202111181127/tools/bin/../lib/gcc/arm-none-eabi/10.3.1/../../../../arm-none-eabi/lib/thumb/v7e-m+fp/hard\libm.a(lib_a-w_pow.o)
                0x0000000008008e04                pow
 .text.powf     0x0000000008008ee4       0xae c:/st/stm32cubeide_1.9.0/stm32cubeide/plugins/com.st.stm32cube.ide.mcu.externaltools.gnu-tools-for-stm32.10.3-2021.10.win32_1.0.0.202111181127/tools/bin/../lib/gcc/arm-none-eabi/10.3.1/../../../../arm-none-eabi/lib/thumb/v7e-m+fp/hard\libm.a(lib_a-wf_pow.o)
                0x0000000008008ee4                powf
 *fill*         0x0000000008008f92        0x6 
 .text.__ieee754_pow
                0x0000000008008f98      0xa5c c:/st/stm32cubeide_1.9.0/stm32cubeide/plugins/com.st.stm32cube.ide.mcu.externaltools.gnu-tools-for-stm32.10.3-2021.10.win32_1.0.0.202111181127/tools/bin/../lib/gcc/arm-none-eabi/10.3.1/../../../../arm-none-eabi/lib/thumb/v7e-m+fp/hard\libm.a(lib_a-e_pow.o)
                0x0000000008008f98                __ieee754_pow
 *fill*         0x00000000080099f4        0x4 
 .text.__ieee754_rem_pio2
                0x00000000080099f8      0x418 c:/st/stm32cubeide_1.9.0/stm32cubeide/plugins/com.st.stm32cube.ide.mcu.externaltools.gnu-tools-for-stm32.10.3-2021.10.win32_1.0.0.202111181127/tools/bin/../lib/gcc/arm-none-eabi/10.3.1/../../../../arm-none-eabi/lib/thumb/v7e-m+fp/hard\libm.a(lib_a-e_rem_pio2.o)
                0x00000000080099f8                __ieee754_rem_pio2
 .text.__ieee754_sqrt
                0x0000000008009e10      0x164 c:/st/stm32cubeide_1.9.0/stm32cubeide/plugins/com.st.stm32cube.ide.mcu.externaltools.gnu-tools-for-stm32.10.3-2021.10.win32_1.0.0.202111181127/tools/bin/../lib/gcc/arm-none-eabi/10.3.1/../../../../arm-none-eabi/lib/thumb/v7e-m+fp/hard\libm.a(lib_a-e_sqrt.o)
                0x0000000008009e10                __ieee754_sqrt
 .text.__ieee754_powf
                0x0000000008009f74      0x59c c:/st/stm32cubeide_1.9.0/stm32cubeide/plugins/com.st.stm32cube.ide.mcu.externaltools.gnu-tools-for-stm32.10.3-2021.10.win32_1.0.0.202111181127/tools/bin/../lib/gcc/arm-none-eabi/10.3.1/../../../../arm-none-eabi/lib/thumb/v7e-m+fp/hard\libm.a(lib_a-ef_pow.o)
                0x0000000008009f74                __ieee754_powf
 .text.__ieee754_rem_pio2f
                0x000000000800a510      0x278 c:/st/stm32cubeide_1.9.0/stm32cubeide/plugins/com.st.stm32cube.ide.mcu.externaltools.gnu-tools-for-stm32.10.3-2021.10.win32_1.0.0.202111181127/tools/bin/../lib/gcc/arm-none-eabi/10.3.1/../../../../arm-none-eabi/lib/thumb/v7e-m+fp/hard\libm.a(lib_a-ef_rem_pio2.o)
                0x000000000800a510                __ieee754_rem_pio2f
 .text.__ieee754_sqrtf
                0x000000000800a788        0x6 c:/st/stm32cubeide_1.9.0/stm32cubeide/plugins/com.st.stm32cube.ide.mcu.externaltools.gnu-tools-for-stm32.10.3-2021.10.win32_1.0.0.202111181127/tools/bin/../lib/gcc/arm-none-eabi/10.3.1/../../../../arm-none-eabi/lib/thumb/v7e-m+fp/hard\libm.a(lib_a-ef_sqrt.o)
                0x000000000800a788                __ieee754_sqrtf
 *fill*         0x000000000800a78e        0x2 
 .text.__kernel_cos
                0x000000000800a790      0x18c c:/st/stm32cubeide_1.9.0/stm32cubeide/plugins/com.st.stm32cube.ide.mcu.externaltools.gnu-tools-for-stm32.10.3-2021.10.win32_1.0.0.202111181127/tools/bin/../lib/gcc/arm-none-eabi/10.3.1/../../../../arm-none-eabi/lib/thumb/v7e-m+fp/hard\libm.a(lib_a-k_cos.o)
                0x000000000800a790                __kernel_cos
 *fill*         0x000000000800a91c        0x4 
 .text.__kernel_rem_pio2
                0x000000000800a920      0x69c c:/st/stm32cubeide_1.9.0/stm32cubeide/plugins/com.st.stm32cube.ide.mcu.externaltools.gnu-tools-for-stm32.10.3-2021.10.win32_1.0.0.202111181127/tools/bin/../lib/gcc/arm-none-eabi/10.3.1/../../../../arm-none-eabi/lib/thumb/v7e-m+fp/hard\libm.a(lib_a-k_rem_pio2.o)
                0x000000000800a920                __kernel_rem_pio2
 *fill*         0x000000000800afbc        0x4 
 .text.__kernel_sin
                0x000000000800afc0      0x17c c:/st/stm32cubeide_1.9.0/stm32cubeide/plugins/com.st.stm32cube.ide.mcu.externaltools.gnu-tools-for-stm32.10.3-2021.10.win32_1.0.0.202111181127/tools/bin/../lib/gcc/arm-none-eabi/10.3.1/../../../../arm-none-eabi/lib/thumb/v7e-m+fp/hard\libm.a(lib_a-k_sin.o)
                0x000000000800afc0                __kernel_sin
 .text.__kernel_cosf
                0x000000000800b13c       0xc0 c:/st/stm32cubeide_1.9.0/stm32cubeide/plugins/com.st.stm32cube.ide.mcu.externaltools.gnu-tools-for-stm32.10.3-2021.10.win32_1.0.0.202111181127/tools/bin/../lib/gcc/arm-none-eabi/10.3.1/../../../../arm-none-eabi/lib/thumb/v7e-m+fp/hard\libm.a(lib_a-kf_cos.o)
                0x000000000800b13c                __kernel_cosf
 .text.__kernel_rem_pio2f
                0x000000000800b1fc      0x4ec c:/st/stm32cubeide_1.9.0/stm32cubeide/plugins/com.st.stm32cube.ide.mcu.externaltools.gnu-tools-for-stm32.10.3-2021.10.win32_1.0.0.202111181127/tools/bin/../lib/gcc/arm-none-eabi/10.3.1/../../../../arm-none-eabi/lib/thumb/v7e-m+fp/hard\libm.a(lib_a-kf_rem_pio2.o)
                0x000000000800b1fc                __kernel_rem_pio2f
 .text.__kernel_sinf
                0x000000000800b6e8       0x90 c:/st/stm32cubeide_1.9.0/stm32cubeide/plugins/com.st.stm32cube.ide.mcu.externaltools.gnu-tools-for-stm32.10.3-2021.10.win32_1.0.0.202111181127/tools/bin/../lib/gcc/arm-none-eabi/10.3.1/../../../../arm-none-eabi/lib/thumb/v7e-m+fp/hard\libm.a(lib_a-kf_sin.o)
                0x000000000800b6e8                __kernel_sinf
 .text.with_errno
                0x000000000800b778       0x14 c:/st/stm32cubeide_1.9.0/stm32cubeide/plugins/com.st.stm32cube.ide.mcu.externaltools.gnu-tools-for-stm32.10.3-2021.10.win32_1.0.0.202111181127/tools/bin/../lib/gcc/arm-none-eabi/10.3.1/../../../../arm-none-eabi/lib/thumb/v7e-m+fp/hard\libm.a(lib_a-math_err.o)
 .text.xflow    0x000000000800b78c       0x28 c:/st/stm32cubeide_1.9.0/stm32cubeide/plugins/com.st.stm32cube.ide.mcu.externaltools.gnu-tools-for-stm32.10.3-2021.10.win32_1.0.0.202111181127/tools/bin/../lib/gcc/arm-none-eabi/10.3.1/../../../../arm-none-eabi/lib/thumb/v7e-m+fp/hard\libm.a(lib_a-math_err.o)
 .text.__math_uflow
                0x000000000800b7b4       0x12 c:/st/stm32cubeide_1.9.0/stm32cubeide/plugins/com.st.stm32cube.ide.mcu.externaltools.gnu-tools-for-stm32.10.3-2021.10.win32_1.0.0.202111181127/tools/bin/../lib/gcc/arm-none-eabi/10.3.1/../../../../arm-none-eabi/lib/thumb/v7e-m+fp/hard\libm.a(lib_a-math_err.o)
                0x000000000800b7b4                __math_uflow
 .text.__math_oflow
                0x000000000800b7c6       0x12 c:/st/stm32cubeide_1.9.0/stm32cubeide/plugins/com.st.stm32cube.ide.mcu.externaltools.gnu-tools-for-stm32.10.3-2021.10.win32_1.0.0.202111181127/tools/bin/../lib/gcc/arm-none-eabi/10.3.1/../../../../arm-none-eabi/lib/thumb/v7e-m+fp/hard\libm.a(lib_a-math_err.o)
                0x000000000800b7c6                __math_oflow
 .text.with_errnof
                0x000000000800b7d8       0x16 c:/st/stm32cubeide_1.9.0/stm32cubeide/plugins/com.st.stm32cube.ide.mcu.externaltools.gnu-tools-for-stm32.10.3-2021.10.win32_1.0.0.202111181127/tools/bin/../lib/gcc/arm-none-eabi/10.3.1/../../../../arm-none-eabi/lib/thumb/v7e-m+fp/hard\libm.a(lib_a-math_errf.o)
 .text.xflowf   0x000000000800b7ee       0x16 c:/st/stm32cubeide_1.9.0/stm32cubeide/plugins/com.st.stm32cube.ide.mcu.externaltools.gnu-tools-for-stm32.10.3-2021.10.win32_1.0.0.202111181127/tools/bin/../lib/gcc/arm-none-eabi/10.3.1/../../../../arm-none-eabi/lib/thumb/v7e-m+fp/hard\libm.a(lib_a-math_errf.o)
 .text.__math_uflowf
                0x000000000800b804        0xc c:/st/stm32cubeide_1.9.0/stm32cubeide/plugins/com.st.stm32cube.ide.mcu.externaltools.gnu-tools-for-stm32.10.3-2021.10.win32_1.0.0.202111181127/tools/bin/../lib/gcc/arm-none-eabi/10.3.1/../../../../arm-none-eabi/lib/thumb/v7e-m+fp/hard\libm.a(lib_a-math_errf.o)
                0x000000000800b804                __math_uflowf
 .text.__math_oflowf
                0x000000000800b810        0xc c:/st/stm32cubeide_1.9.0/stm32cubeide/plugins/com.st.stm32cube.ide.mcu.externaltools.gnu-tools-for-stm32.10.3-2021.10.win32_1.0.0.202111181127/tools/bin/../lib/gcc/arm-none-eabi/10.3.1/../../../../arm-none-eabi/lib/thumb/v7e-m+fp/hard\libm.a(lib_a-math_errf.o)
                0x000000000800b810                __math_oflowf
 .text.fabs     0x000000000800b81c       0x12 c:/st/stm32cubeide_1.9.0/stm32cubeide/plugins/com.st.stm32cube.ide.mcu.externaltools.gnu-tools-for-stm32.10.3-2021.10.win32_1.0.0.202111181127/tools/bin/../lib/gcc/arm-none-eabi/10.3.1/../../../../arm-none-eabi/lib/thumb/v7e-m+fp/hard\libm.a(lib_a-s_fabs.o)
                0x000000000800b81c                fabs
 .text.finite   0x000000000800b82e       0x16 c:/st/stm32cubeide_1.9.0/stm32cubeide/plugins/com.st.stm32cube.ide.mcu.externaltools.gnu-tools-for-stm32.10.3-2021.10.win32_1.0.0.202111181127/tools/bin/../lib/gcc/arm-none-eabi/10.3.1/../../../../arm-none-eabi/lib/thumb/v7e-m+fp/hard\libm.a(lib_a-s_finite.o)
                0x000000000800b82e                finite
 *fill*         0x000000000800b844        0x4 
 .text.floor    0x000000000800b848      0x100 c:/st/stm32cubeide_1.9.0/stm32cubeide/plugins/com.st.stm32cube.ide.mcu.externaltools.gnu-tools-for-stm32.10.3-2021.10.win32_1.0.0.202111181127/tools/bin/../lib/gcc/arm-none-eabi/10.3.1/../../../../arm-none-eabi/lib/thumb/v7e-m+fp/hard\libm.a(lib_a-s_floor.o)
                0x000000000800b848                floor
 .text.scalbn   0x000000000800b948      0x10c c:/st/stm32cubeide_1.9.0/stm32cubeide/plugins/com.st.stm32cube.ide.mcu.externaltools.gnu-tools-for-stm32.10.3-2021.10.win32_1.0.0.202111181127/tools/bin/../lib/gcc/arm-none-eabi/10.3.1/../../../../arm-none-eabi/lib/thumb/v7e-m+fp/hard\libm.a(lib_a-s_scalbn.o)
                0x000000000800b948                scalbn
 .text.fabsf    0x000000000800ba54        0xe c:/st/stm32cubeide_1.9.0/stm32cubeide/plugins/com.st.stm32cube.ide.mcu.externaltools.gnu-tools-for-stm32.10.3-2021.10.win32_1.0.0.202111181127/tools/bin/../lib/gcc/arm-none-eabi/10.3.1/../../../../arm-none-eabi/lib/thumb/v7e-m+fp/hard\libm.a(lib_a-sf_fabs.o)
                0x000000000800ba54                fabsf
 .text.finitef  0x000000000800ba62       0x1a c:/st/stm32cubeide_1.9.0/stm32cubeide/plugins/com.st.stm32cube.ide.mcu.externaltools.gnu-tools-for-stm32.10.3-2021.10.win32_1.0.0.202111181127/tools/bin/../lib/gcc/arm-none-eabi/10.3.1/../../../../arm-none-eabi/lib/thumb/v7e-m+fp/hard\libm.a(lib_a-sf_finite.o)
                0x000000000800ba62                finitef
 .text.floorf   0x000000000800ba7c       0x84 c:/st/stm32cubeide_1.9.0/stm32cubeide/plugins/com.st.stm32cube.ide.mcu.externaltools.gnu-tools-for-stm32.10.3-2021.10.win32_1.0.0.202111181127/tools/bin/../lib/gcc/arm-none-eabi/10.3.1/../../../../arm-none-eabi/lib/thumb/v7e-m+fp/hard\libm.a(lib_a-sf_floor.o)
                0x000000000800ba7c                floorf
 .text.scalbnf  0x000000000800bb00       0xe4 c:/st/stm32cubeide_1.9.0/stm32cubeide/plugins/com.st.stm32cube.ide.mcu.externaltools.gnu-tools-for-stm32.10.3-2021.10.win32_1.0.0.202111181127/tools/bin/../lib/gcc/arm-none-eabi/10.3.1/../../../../arm-none-eabi/lib/thumb/v7e-m+fp/hard\libm.a(lib_a-sf_scalbn.o)
                0x000000000800bb00                scalbnf
 .text.__errno  0x000000000800bbe4        0xc c:/st/stm32cubeide_1.9.0/stm32cubeide/plugins/com.st.stm32cube.ide.mcu.externaltools.gnu-tools-for-stm32.10.3-2021.10.win32_1.0.0.202111181127/tools/bin/../lib/gcc/arm-none-eabi/10.3.1/../../../../arm-none-eabi/lib/thumb/v7e-m+fp/hard\libc_nano.a(lib_a-errno.o)
                0x000000000800bbe4                __errno
 .text.__libc_init_array
                0x000000000800bbf0       0x48 c:/st/stm32cubeide_1.9.0/stm32cubeide/plugins/com.st.stm32cube.ide.mcu.externaltools.gnu-tools-for-stm32.10.3-2021.10.win32_1.0.0.202111181127/tools/bin/../lib/gcc/arm-none-eabi/10.3.1/../../../../arm-none-eabi/lib/thumb/v7e-m+fp/hard\libc_nano.a(lib_a-init.o)
                0x000000000800bbf0                __libc_init_array
 .text.malloc   0x000000000800bc38       0x10 c:/st/stm32cubeide_1.9.0/stm32cubeide/plugins/com.st.stm32cube.ide.mcu.externaltools.gnu-tools-for-stm32.10.3-2021.10.win32_1.0.0.202111181127/tools/bin/../lib/gcc/arm-none-eabi/10.3.1/../../../../arm-none-eabi/lib/thumb/v7e-m+fp/hard\libc_nano.a(lib_a-malloc.o)
                0x000000000800bc38                malloc
 .text.free     0x000000000800bc48       0x10 c:/st/stm32cubeide_1.9.0/stm32cubeide/plugins/com.st.stm32cube.ide.mcu.externaltools.gnu-tools-for-stm32.10.3-2021.10.win32_1.0.0.202111181127/tools/bin/../lib/gcc/arm-none-eabi/10.3.1/../../../../arm-none-eabi/lib/thumb/v7e-m+fp/hard\libc_nano.a(lib_a-malloc.o)
                0x000000000800bc48                free
 .text.memset   0x000000000800bc58       0x10 c:/st/stm32cubeide_1.9.0/stm32cubeide/plugins/com.st.stm32cube.ide.mcu.externaltools.gnu-tools-for-stm32.10.3-2021.10.win32_1.0.0.202111181127/tools/bin/../lib/gcc/arm-none-eabi/10.3.1/../../../../arm-none-eabi/lib/thumb/v7e-m+fp/hard\libc_nano.a(lib_a-memset.o)
                0x000000000800bc58                memset
 .text._free_r  0x000000000800bc68       0x98 c:/st/stm32cubeide_1.9.0/stm32cubeide/plugins/com.st.stm32cube.ide.mcu.externaltools.gnu-tools-for-stm32.10.3-2021.10.win32_1.0.0.202111181127/tools/bin/../lib/gcc/arm-none-eabi/10.3.1/../../../../arm-none-eabi/lib/thumb/v7e-m+fp/hard\libc_nano.a(lib_a-nano-freer.o)
                0x000000000800bc68                _free_r
 .text.sbrk_aligned
                0x000000000800bd00       0x40 c:/st/stm32cubeide_1.9.0/stm32cubeide/plugins/com.st.stm32cube.ide.mcu.externaltools.gnu-tools-for-stm32.10.3-2021.10.win32_1.0.0.202111181127/tools/bin/../lib/gcc/arm-none-eabi/10.3.1/../../../../arm-none-eabi/lib/thumb/v7e-m+fp/hard\libc_nano.a(lib_a-nano-mallocr.o)
 .text._malloc_r
                0x000000000800bd40       0xe8 c:/st/stm32cubeide_1.9.0/stm32cubeide/plugins/com.st.stm32cube.ide.mcu.externaltools.gnu-tools-for-stm32.10.3-2021.10.win32_1.0.0.202111181127/tools/bin/../lib/gcc/arm-none-eabi/10.3.1/../../../../arm-none-eabi/lib/thumb/v7e-m+fp/hard\libc_nano.a(lib_a-nano-mallocr.o)
                0x000000000800bd40                _malloc_r
 .text.printf   0x000000000800be28       0x30 c:/st/stm32cubeide_1.9.0/stm32cubeide/plugins/com.st.stm32cube.ide.mcu.externaltools.gnu-tools-for-stm32.10.3-2021.10.win32_1.0.0.202111181127/tools/bin/../lib/gcc/arm-none-eabi/10.3.1/../../../../arm-none-eabi/lib/thumb/v7e-m+fp/hard\libc_nano.a(lib_a-printf.o)
                0x000000000800be28                iprintf
                0x000000000800be28                printf
 .text._puts_r  0x000000000800be58       0xdc c:/st/stm32cubeide_1.9.0/stm32cubeide/plugins/com.st.stm32cube.ide.mcu.externaltools.gnu-tools-for-stm32.10.3-2021.10.win32_1.0.0.202111181127/tools/bin/../lib/gcc/arm-none-eabi/10.3.1/../../../../arm-none-eabi/lib/thumb/v7e-m+fp/hard\libc_nano.a(lib_a-puts.o)
                0x000000000800be58                _puts_r
 .text.puts     0x000000000800bf34       0x10 c:/st/stm32cubeide_1.9.0/stm32cubeide/plugins/com.st.stm32cube.ide.mcu.externaltools.gnu-tools-for-stm32.10.3-2021.10.win32_1.0.0.202111181127/tools/bin/../lib/gcc/arm-none-eabi/10.3.1/../../../../arm-none-eabi/lib/thumb/v7e-m+fp/hard\libc_nano.a(lib_a-puts.o)
                0x000000000800bf34                puts
 .text._sbrk_r  0x000000000800bf44       0x20 c:/st/stm32cubeide_1.9.0/stm32cubeide/plugins/com.st.stm32cube.ide.mcu.externaltools.gnu-tools-for-stm32.10.3-2021.10.win32_1.0.0.202111181127/tools/bin/../lib/gcc/arm-none-eabi/10.3.1/../../../../arm-none-eabi/lib/thumb/v7e-m+fp/hard\libc_nano.a(lib_a-sbrkr.o)
                0x000000000800bf44                _sbrk_r
 .text.sprintf  0x000000000800bf64       0x40 c:/st/stm32cubeide_1.9.0/stm32cubeide/plugins/com.st.stm32cube.ide.mcu.externaltools.gnu-tools-for-stm32.10.3-2021.10.win32_1.0.0.202111181127/tools/bin/../lib/gcc/arm-none-eabi/10.3.1/../../../../arm-none-eabi/lib/thumb/v7e-m+fp/hard\libc_nano.a(lib_a-sprintf.o)
                0x000000000800bf64                siprintf
                0x000000000800bf64                sprintf
 .text.strcpy   0x000000000800bfa4       0x10 c:/st/stm32cubeide_1.9.0/stm32cubeide/plugins/com.st.stm32cube.ide.mcu.externaltools.gnu-tools-for-stm32.10.3-2021.10.win32_1.0.0.202111181127/tools/bin/../lib/gcc/arm-none-eabi/10.3.1/../../../../arm-none-eabi/lib/thumb/v7e-m+fp/hard\libc_nano.a(lib_a-strcpy.o)
                0x000000000800bfa4                strcpy
 .text.__swbuf_r
                0x000000000800bfb4       0xa4 c:/st/stm32cubeide_1.9.0/stm32cubeide/plugins/com.st.stm32cube.ide.mcu.externaltools.gnu-tools-for-stm32.10.3-2021.10.win32_1.0.0.202111181127/tools/bin/../lib/gcc/arm-none-eabi/10.3.1/../../../../arm-none-eabi/lib/thumb/v7e-m+fp/hard\libc_nano.a(lib_a-wbuf.o)
                0x000000000800bfb4                __swbuf_r
 .text.__swsetup_r
                0x000000000800c058       0xdc c:/st/stm32cubeide_1.9.0/stm32cubeide/plugins/com.st.stm32cube.ide.mcu.externaltools.gnu-tools-for-stm32.10.3-2021.10.win32_1.0.0.202111181127/tools/bin/../lib/gcc/arm-none-eabi/10.3.1/../../../../arm-none-eabi/lib/thumb/v7e-m+fp/hard\libc_nano.a(lib_a-wsetup.o)
                0x000000000800c058                __swsetup_r
 .text.__sflush_r
                0x000000000800c134      0x10c c:/st/stm32cubeide_1.9.0/stm32cubeide/plugins/com.st.stm32cube.ide.mcu.externaltools.gnu-tools-for-stm32.10.3-2021.10.win32_1.0.0.202111181127/tools/bin/../lib/gcc/arm-none-eabi/10.3.1/../../../../arm-none-eabi/lib/thumb/v7e-m+fp/hard\libc_nano.a(lib_a-fflush.o)
                0x000000000800c134                __sflush_r
 .text._fflush_r
                0x000000000800c240       0x78 c:/st/stm32cubeide_1.9.0/stm32cubeide/plugins/com.st.stm32cube.ide.mcu.externaltools.gnu-tools-for-stm32.10.3-2021.10.win32_1.0.0.202111181127/tools/bin/../lib/gcc/arm-none-eabi/10.3.1/../../../../arm-none-eabi/lib/thumb/v7e-m+fp/hard\libc_nano.a(lib_a-fflush.o)
                0x000000000800c240                _fflush_r
 .text.std      0x000000000800c2b8       0x48 c:/st/stm32cubeide_1.9.0/stm32cubeide/plugins/com.st.stm32cube.ide.mcu.externaltools.gnu-tools-for-stm32.10.3-2021.10.win32_1.0.0.202111181127/tools/bin/../lib/gcc/arm-none-eabi/10.3.1/../../../../arm-none-eabi/lib/thumb/v7e-m+fp/hard\libc_nano.a(lib_a-findfp.o)
 .text._cleanup_r
                0x000000000800c300        0xc c:/st/stm32cubeide_1.9.0/stm32cubeide/plugins/com.st.stm32cube.ide.mcu.externaltools.gnu-tools-for-stm32.10.3-2021.10.win32_1.0.0.202111181127/tools/bin/../lib/gcc/arm-none-eabi/10.3.1/../../../../arm-none-eabi/lib/thumb/v7e-m+fp/hard\libc_nano.a(lib_a-findfp.o)
                0x000000000800c300                _cleanup_r
 .text.__sfmoreglue
                0x000000000800c30c       0x2c c:/st/stm32cubeide_1.9.0/stm32cubeide/plugins/com.st.stm32cube.ide.mcu.externaltools.gnu-tools-for-stm32.10.3-2021.10.win32_1.0.0.202111181127/tools/bin/../lib/gcc/arm-none-eabi/10.3.1/../../../../arm-none-eabi/lib/thumb/v7e-m+fp/hard\libc_nano.a(lib_a-findfp.o)
                0x000000000800c30c                __sfmoreglue
 .text.__sfp_lock_acquire
                0x000000000800c338        0xc c:/st/stm32cubeide_1.9.0/stm32cubeide/plugins/com.st.stm32cube.ide.mcu.externaltools.gnu-tools-for-stm32.10.3-2021.10.win32_1.0.0.202111181127/tools/bin/../lib/gcc/arm-none-eabi/10.3.1/../../../../arm-none-eabi/lib/thumb/v7e-m+fp/hard\libc_nano.a(lib_a-findfp.o)
                0x000000000800c338                __sfp_lock_acquire
 .text.__sfp_lock_release
                0x000000000800c344        0xc c:/st/stm32cubeide_1.9.0/stm32cubeide/plugins/com.st.stm32cube.ide.mcu.externaltools.gnu-tools-for-stm32.10.3-2021.10.win32_1.0.0.202111181127/tools/bin/../lib/gcc/arm-none-eabi/10.3.1/../../../../arm-none-eabi/lib/thumb/v7e-m+fp/hard\libc_nano.a(lib_a-findfp.o)
                0x000000000800c344                __sfp_lock_release
 .text.__sinit_lock_acquire
                0x000000000800c350        0xc c:/st/stm32cubeide_1.9.0/stm32cubeide/plugins/com.st.stm32cube.ide.mcu.externaltools.gnu-tools-for-stm32.10.3-2021.10.win32_1.0.0.202111181127/tools/bin/../lib/gcc/arm-none-eabi/10.3.1/../../../../arm-none-eabi/lib/thumb/v7e-m+fp/hard\libc_nano.a(lib_a-findfp.o)
                0x000000000800c350                __sinit_lock_acquire
 .text.__sinit_lock_release